../Src/main.c:205:6:init_led	4	static
../Src/main.c:216:6:init_timer	4	static
../Src/main.c:236:6:init_button	4	static
../Src/main.c:247:6:init_buzzer	4	static
../Src/main.c:278:6:init_potentiometer	4	static
../Src/main.c:302:6:init_usart2	8	static
../Src/main.c:331:6:init_rng	4	static
../Src/main.c:352:6:uart_send_char	16	static
../Src/main.c:363:6:uart_send_string	24	static
../Src/main.c:380:5:main	8	static
../Src/main.c:395:6:enable_buzzer_led	4	static
../Src/main.c:404:6:disable_buzzer_led	4	static
../Src/main.c:413:6:game_lose	8	static
../Src/main.c:426:6:game_win	8	static
../Src/main.c:446:6:TIM2_IRQHandler	8	static
