21:26:59 **** Incremental Build of configuration Debug for project air_quality_moniter ****
make -j8 all 
arm-none-eabi-gcc "../Src/spi2.c" -mcpu=cortex-m4 -std=gnu11 -g3 -DDEBUG -DSTM32 -DSTM32F407G_DISC1 -DSTM32F4 -DSTM32F407VGTx -c -I../Inc -O0 -ffunction-sections -fdata-sections -Wall -fstack-usage -fcyclomatic-complexity -MMD -MP -MF"Src/spi2.d" -MT"Src/spi2.o" --specs=nano.specs -mfpu=fpv4-sp-d16 -mfloat-abi=hard -mthumb -o "Src/spi2.o"
arm-none-eabi-gcc -o "air_quality_moniter.elf" @"objects.list"   -mcpu=cortex-m4 -T"C:\Users\huray\dev\Embedded_Systems\projects\air_quality_moniter\STM32F407VGTX_FLASH.ld" --specs=nosys.specs -Wl,-Map="air_quality_moniter.map" -Wl,--gc-sections -static --specs=nano.specs -mfpu=fpv4-sp-d16 -mfloat-abi=hard -mthumb -Wl,--start-group -lc -lm -Wl,--end-group
Finished building target: air_quality_moniter.elf
 
arm-none-eabi-size  air_quality_moniter.elf 
arm-none-eabi-objdump -h -S air_quality_moniter.elf  > "air_quality_moniter.list"
   text	   data	    bss	    dec	    hex	filename
   6328	      0	   1608	   7936	   1f00	air_quality_moniter.elf
Finished building: default.size.stdout
 
Finished building: air_quality_moniter.list
 

21:26:59 Build Finished. 0 errors, 0 warnings. (took 664ms)

