16:57:45 **** Build of configuration Debug for project inline_1 ****
make -j8 all 
arm-none-eabi-gcc -mcpu=cortex-m4 -g3 -DDEBUG -c -x assembler-with-cpp -MMD -MP -MF"Startup/startup_stm32f407vgtx.d" -MT"Startup/startup_stm32f407vgtx.o" --specs=nano.specs -mfpu=fpv4-sp-d16 -mfloat-abi=hard -mthumb -o "Startup/startup_stm32f407vgtx.o" "../Startup/startup_stm32f407vgtx.s"
arm-none-eabi-gcc "../Src/main.c" -mcpu=cortex-m4 -std=gnu11 -g3 -DDEBUG -DSTM32 -DSTM32F407G_DISC1 -DSTM32F4 -DSTM32F407VGTx -c -I../Inc -O0 -ffunction-sections -fdata-sections -Wall -fstack-usage -fcyclomatic-complexity -MMD -MP -MF"Src/main.d" -MT"Src/main.o" --specs=nano.specs -mfpu=fpv4-sp-d16 -mfloat-abi=hard -mthumb -o "Src/main.o"
arm-none-eabi-gcc "../Src/syscalls.c" -mcpu=cortex-m4 -std=gnu11 -g3 -DDEBUG -DSTM32 -DSTM32F407G_DISC1 -DSTM32F4 -DSTM32F407VGTx -c -I../Inc -O0 -ffunction-sections -fdata-sections -Wall -fstack-usage -fcyclomatic-complexity -MMD -MP -MF"Src/syscalls.d" -MT"Src/syscalls.o" --specs=nano.specs -mfpu=fpv4-sp-d16 -mfloat-abi=hard -mthumb -o "Src/syscalls.o"
arm-none-eabi-gcc "../Src/sysmem.c" -mcpu=cortex-m4 -std=gnu11 -g3 -DDEBUG -DSTM32 -DSTM32F407G_DISC1 -DSTM32F4 -DSTM32F407VGTx -c -I../Inc -O0 -ffunction-sections -fdata-sections -Wall -fstack-usage -fcyclomatic-complexity -MMD -MP -MF"Src/sysmem.d" -MT"Src/sysmem.o" --specs=nano.specs -mfpu=fpv4-sp-d16 -mfloat-abi=hard -mthumb -o "Src/sysmem.o"
../Src/main.c:22:4: warning: #warning "FPU is not initialized, but the project is compiling for an FPU. Please initialize the FPU before use." [-Wcpp]
   22 |   #warning "FPU is not initialized, but the project is compiling for an FPU. Please initialize the FPU before use."
      |    ^~~~~~~
arm-none-eabi-gcc -o "inline_1.elf" @"objects.list"   -mcpu=cortex-m4 -T"C:\Users\huray\dev\Embedded_Systems\projects\inline_1\STM32F407VGTX_FLASH.ld" --specs=nosys.specs -Wl,-Map="inline_1.map" -Wl,--gc-sections -static --specs=nano.specs -mfpu=fpv4-sp-d16 -mfloat-abi=hard -mthumb -Wl,--start-group -lc -lm -Wl,--end-group
Finished building target: inline_1.elf
 
arm-none-eabi-size  inline_1.elf 
arm-none-eabi-objdump -h -S inline_1.elf  > "inline_1.list"
   text	   data	    bss	    dec	    hex	filename
    672	      0	   1568	   2240	    8c0	inline_1.elf
Finished building: default.size.stdout
 
Finished building: inline_1.list
 
16:58:44 **** Incremental Build of configuration Debug for project inline_1 ****
make -j8 all 
arm-none-eabi-size  inline_1.elf 
   text	   data	    bss	    dec	    hex	filename
    672	      0	   1568	   2240	    8c0	inline_1.elf
Finished building: default.size.stdout
 
21:09:11 **** Build of configuration Debug for project HSI_measurment ****
make -j8 all 
arm-none-eabi-gcc -mcpu=cortex-m4 -g3 -DDEBUG -c -x assembler-with-cpp -MMD -MP -MF"Startup/startup_stm32f407vgtx.d" -MT"Startup/startup_stm32f407vgtx.o" --specs=nano.specs -mfpu=fpv4-sp-d16 -mfloat-abi=hard -mthumb -o "Startup/startup_stm32f407vgtx.o" "../Startup/startup_stm32f407vgtx.s"
arm-none-eabi-gcc "../Src/main.c" -mcpu=cortex-m4 -std=gnu11 -g3 -DDEBUG -DSTM32 -DSTM32F407G_DISC1 -DSTM32F4 -DSTM32F407VGTx -c -I../Inc -O0 -ffunction-sections -fdata-sections -Wall -fstack-usage -fcyclomatic-complexity -MMD -MP -MF"Src/main.d" -MT"Src/main.o" --specs=nano.specs -mfpu=fpv4-sp-d16 -mfloat-abi=hard -mthumb -o "Src/main.o"
arm-none-eabi-gcc "../Src/syscalls.c" -mcpu=cortex-m4 -std=gnu11 -g3 -DDEBUG -DSTM32 -DSTM32F407G_DISC1 -DSTM32F4 -DSTM32F407VGTx -c -I../Inc -O0 -ffunction-sections -fdata-sections -Wall -fstack-usage -fcyclomatic-complexity -MMD -MP -MF"Src/syscalls.d" -MT"Src/syscalls.o" --specs=nano.specs -mfpu=fpv4-sp-d16 -mfloat-abi=hard -mthumb -o "Src/syscalls.o"
arm-none-eabi-gcc "../Src/sysmem.c" -mcpu=cortex-m4 -std=gnu11 -g3 -DDEBUG -DSTM32 -DSTM32F407G_DISC1 -DSTM32F4 -DSTM32F407VGTx -c -I../Inc -O0 -ffunction-sections -fdata-sections -Wall -fstack-usage -fcyclomatic-complexity -MMD -MP -MF"Src/sysmem.d" -MT"Src/sysmem.o" --specs=nano.specs -mfpu=fpv4-sp-d16 -mfloat-abi=hard -mthumb -o "Src/sysmem.o"
arm-none-eabi-gcc -o "HSI_measurment.elf" @"objects.list"   -mcpu=cortex-m4 -T"C:\Users\huray\dev\Embedded_Systems\projects\HSI_measurment\STM32F407VGTX_FLASH.ld" --specs=nosys.specs -Wl,-Map="HSI_measurment.map" -Wl,--gc-sections -static --specs=nano.specs -mfpu=fpv4-sp-d16 -mfloat-abi=hard -mthumb -Wl,--start-group -lc -lm -Wl,--end-group
Finished building target: HSI_measurment.elf
 
arm-none-eabi-size  HSI_measurment.elf 
arm-none-eabi-objdump -h -S HSI_measurment.elf  > "HSI_measurment.list"
   text	   data	    bss	    dec	    hex	filename
    772	      0	   1568	   2340	    924	HSI_measurment.elf
Finished building: default.size.stdout
 
Finished building: HSI_measurment.list
 
21:09:34 **** Incremental Build of configuration Debug for project HSI_measurment ****
make -j8 all 
arm-none-eabi-size  HSI_measurment.elf 
   text	   data	    bss	    dec	    hex	filename
    772	      0	   1568	   2340	    924	HSI_measurment.elf
Finished building: default.size.stdout
 
14:34:01 **** Incremental Build of configuration Debug for project HSI_measurment ****
make -j8 all 
arm-none-eabi-size  HSI_measurment.elf 
   text	   data	    bss	    dec	    hex	filename
    772	      0	   1568	   2340	    924	HSI_measurment.elf
Finished building: default.size.stdout
 
14:35:06 **** Incremental Build of configuration Debug for project HSI_measurment ****
make -j8 all 
arm-none-eabi-size  HSI_measurment.elf 
   text	   data	    bss	    dec	    hex	filename
    772	      0	   1568	   2340	    924	HSI_measurment.elf
Finished building: default.size.stdout
 
11:47:51 **** Build of configuration Debug for project HSE_measurment ****
make -j8 all 
arm-none-eabi-gcc -mcpu=cortex-m4 -g3 -DDEBUG -c -x assembler-with-cpp -MMD -MP -MF"Startup/startup_stm32f407vgtx.d" -MT"Startup/startup_stm32f407vgtx.o" --specs=nano.specs -mfpu=fpv4-sp-d16 -mfloat-abi=hard -mthumb -o "Startup/startup_stm32f407vgtx.o" "../Startup/startup_stm32f407vgtx.s"
arm-none-eabi-gcc "../Src/main.c" -mcpu=cortex-m4 -std=gnu11 -g3 -DDEBUG -DSTM32 -DSTM32F407G_DISC1 -DSTM32F4 -DSTM32F407VGTx -c -I../Inc -O0 -ffunction-sections -fdata-sections -Wall -fstack-usage -fcyclomatic-complexity -MMD -MP -MF"Src/main.d" -MT"Src/main.o" --specs=nano.specs -mfpu=fpv4-sp-d16 -mfloat-abi=hard -mthumb -o "Src/main.o"
arm-none-eabi-gcc "../Src/syscalls.c" -mcpu=cortex-m4 -std=gnu11 -g3 -DDEBUG -DSTM32 -DSTM32F407G_DISC1 -DSTM32F4 -DSTM32F407VGTx -c -I../Inc -O0 -ffunction-sections -fdata-sections -Wall -fstack-usage -fcyclomatic-complexity -MMD -MP -MF"Src/syscalls.d" -MT"Src/syscalls.o" --specs=nano.specs -mfpu=fpv4-sp-d16 -mfloat-abi=hard -mthumb -o "Src/syscalls.o"
arm-none-eabi-gcc "../Src/sysmem.c" -mcpu=cortex-m4 -std=gnu11 -g3 -DDEBUG -DSTM32 -DSTM32F407G_DISC1 -DSTM32F4 -DSTM32F407VGTx -c -I../Inc -O0 -ffunction-sections -fdata-sections -Wall -fstack-usage -fcyclomatic-complexity -MMD -MP -MF"Src/sysmem.d" -MT"Src/sysmem.o" --specs=nano.specs -mfpu=fpv4-sp-d16 -mfloat-abi=hard -mthumb -o "Src/sysmem.o"
../Src/main.c:22:4: warning: #warning "FPU is not initialized, but the project is compiling for an FPU. Please initialize the FPU before use." [-Wcpp]
   22 |   #warning "FPU is not initialized, but the project is compiling for an FPU. Please initialize the FPU before use."
      |    ^~~~~~~
arm-none-eabi-gcc -o "HSE_measurment.elf" @"objects.list"   -mcpu=cortex-m4 -T"C:\Users\huray\dev\Embedded_Systems\projects\HSE_measurment\STM32F407VGTX_FLASH.ld" --specs=nosys.specs -Wl,-Map="HSE_measurment.map" -Wl,--gc-sections -static --specs=nano.specs -mfpu=fpv4-sp-d16 -mfloat-abi=hard -mthumb -Wl,--start-group -lc -lm -Wl,--end-group
Finished building target: HSE_measurment.elf
 
arm-none-eabi-size  HSE_measurment.elf 
arm-none-eabi-objdump -h -S HSE_measurment.elf  > "HSE_measurment.list"
   text	   data	    bss	    dec	    hex	filename
    652	      0	   1568	   2220	    8ac	HSE_measurment.elf
Finished building: default.size.stdout
 
Finished building: HSE_measurment.list
 
13:02:36 **** Incremental Build of configuration Debug for project HSE_measurment ****
make -j8 all 
arm-none-eabi-gcc "../Src/main.c" -mcpu=cortex-m4 -std=gnu11 -g3 -DDEBUG -DSTM32 -DSTM32F407G_DISC1 -DSTM32F4 -DSTM32F407VGTx -c -I../Inc -O0 -ffunction-sections -fdata-sections -Wall -fstack-usage -fcyclomatic-complexity -MMD -MP -MF"Src/main.d" -MT"Src/main.o" --specs=nano.specs -mfpu=fpv4-sp-d16 -mfloat-abi=hard -mthumb -o "Src/main.o"
arm-none-eabi-gcc -o "HSE_measurment.elf" @"objects.list"   -mcpu=cortex-m4 -T"C:\Users\huray\dev\Embedded_Systems\projects\HSE_measurment\STM32F407VGTX_FLASH.ld" --specs=nosys.specs -Wl,-Map="HSE_measurment.map" -Wl,--gc-sections -static --specs=nano.specs -mfpu=fpv4-sp-d16 -mfloat-abi=hard -mthumb -Wl,--start-group -lc -lm -Wl,--end-group
Finished building target: HSE_measurment.elf
 
arm-none-eabi-size  HSE_measurment.elf 
arm-none-eabi-objdump -h -S HSE_measurment.elf  > "HSE_measurment.list"
   text	   data	    bss	    dec	    hex	filename
    816	      0	   1568	   2384	    950	HSE_measurment.elf
Finished building: default.size.stdout
 
Finished building: HSE_measurment.list
 
20:34:04 **** Build of configuration Debug for project led_project ****
make -j8 all 
arm-none-eabi-gcc -mcpu=cortex-m4 -g3 -DDEBUG -c -x assembler-with-cpp -MMD -MP -MF"Startup/startup_stm32f407vgtx.d" -MT"Startup/startup_stm32f407vgtx.o" --specs=nano.specs -mfpu=fpv4-sp-d16 -mfloat-abi=hard -mthumb -o "Startup/startup_stm32f407vgtx.o" "../Startup/startup_stm32f407vgtx.s"
arm-none-eabi-gcc "../Src/main.c" -mcpu=cortex-m4 -std=gnu11 -g3 -DDEBUG -DSTM32 -DSTM32F407G_DISC1 -DSTM32F4 -DSTM32F407VGTx -c -I../Inc -O0 -ffunction-sections -fdata-sections -Wall -fstack-usage -fcyclomatic-complexity -MMD -MP -MF"Src/main.d" -MT"Src/main.o" --specs=nano.specs -mfpu=fpv4-sp-d16 -mfloat-abi=hard -mthumb -o "Src/main.o"
arm-none-eabi-gcc "../Src/syscalls.c" -mcpu=cortex-m4 -std=gnu11 -g3 -DDEBUG -DSTM32 -DSTM32F407G_DISC1 -DSTM32F4 -DSTM32F407VGTx -c -I../Inc -O0 -ffunction-sections -fdata-sections -Wall -fstack-usage -fcyclomatic-complexity -MMD -MP -MF"Src/syscalls.d" -MT"Src/syscalls.o" --specs=nano.specs -mfpu=fpv4-sp-d16 -mfloat-abi=hard -mthumb -o "Src/syscalls.o"
arm-none-eabi-gcc "../Src/sysmem.c" -mcpu=cortex-m4 -std=gnu11 -g3 -DDEBUG -DSTM32 -DSTM32F407G_DISC1 -DSTM32F4 -DSTM32F407VGTx -c -I../Inc -O0 -ffunction-sections -fdata-sections -Wall -fstack-usage -fcyclomatic-complexity -MMD -MP -MF"Src/sysmem.d" -MT"Src/sysmem.o" --specs=nano.specs -mfpu=fpv4-sp-d16 -mfloat-abi=hard -mthumb -o "Src/sysmem.o"
../Src/main.c:22:4: warning: #warning "FPU is not initialized, but the project is compiling for an FPU. Please initialize the FPU before use." [-Wcpp]
   22 |   #warning "FPU is not initialized, but the project is compiling for an FPU. Please initialize the FPU before use."
      |    ^~~~~~~
arm-none-eabi-gcc -o "led_project.elf" @"objects.list"   -mcpu=cortex-m4 -T"C:\Users\huray\dev\Embedded_Systems\projects\led_project\STM32F407VGTX_FLASH.ld" --specs=nosys.specs -Wl,-Map="led_project.map" -Wl,--gc-sections -static --specs=nano.specs -mfpu=fpv4-sp-d16 -mfloat-abi=hard -mthumb -Wl,--start-group -lc -lm -Wl,--end-group
Finished building target: led_project.elf
 
arm-none-eabi-size  led_project.elf 
arm-none-eabi-objdump -h -S led_project.elf  > "led_project.list"
   text	   data	    bss	    dec	    hex	filename
    652	      0	   1568	   2220	    8ac	led_project.elf
Finished building: default.size.stdout
 
Finished building: led_project.list
 
20:34:19 **** Incremental Build of configuration Debug for project led_project ****
make -j8 all 
arm-none-eabi-gcc "../Src/main.c" -mcpu=cortex-m4 -std=gnu11 -g3 -DDEBUG -DSTM32 -DSTM32F407G_DISC1 -DSTM32F4 -DSTM32F407VGTx -c -I../Inc -O0 -ffunction-sections -fdata-sections -Wall -fstack-usage -fcyclomatic-complexity -MMD -MP -MF"Src/main.d" -MT"Src/main.o" --specs=nano.specs -mfpu=fpv4-sp-d16 -mfloat-abi=hard -mthumb -o "Src/main.o"
arm-none-eabi-gcc -o "led_project.elf" @"objects.list"   -mcpu=cortex-m4 -T"C:\Users\huray\dev\Embedded_Systems\projects\led_project\STM32F407VGTX_FLASH.ld" --specs=nosys.specs -Wl,-Map="led_project.map" -Wl,--gc-sections -static --specs=nano.specs -mfpu=fpv4-sp-d16 -mfloat-abi=hard -mthumb -Wl,--start-group -lc -lm -Wl,--end-group
Finished building target: led_project.elf
 
arm-none-eabi-size  led_project.elf 
arm-none-eabi-objdump -h -S led_project.elf  > "led_project.list"
   text	   data	    bss	    dec	    hex	filename
    716	      0	   1568	   2284	    8ec	led_project.elf
Finished building: default.size.stdout
 
Finished building: led_project.list
 
20:44:51 **** Incremental Build of configuration Debug for project led_project ****
make -j8 all 
arm-none-eabi-gcc "../Src/main.c" -mcpu=cortex-m4 -std=gnu11 -g3 -DDEBUG -DSTM32 -DSTM32F407G_DISC1 -DSTM32F4 -DSTM32F407VGTx -c -I../Inc -O0 -ffunction-sections -fdata-sections -Wall -fstack-usage -fcyclomatic-complexity -MMD -MP -MF"Src/main.d" -MT"Src/main.o" --specs=nano.specs -mfpu=fpv4-sp-d16 -mfloat-abi=hard -mthumb -o "Src/main.o"
arm-none-eabi-gcc -o "led_project.elf" @"objects.list"   -mcpu=cortex-m4 -T"C:\Users\huray\dev\Embedded_Systems\projects\led_project\STM32F407VGTX_FLASH.ld" --specs=nosys.specs -Wl,-Map="led_project.map" -Wl,--gc-sections -static --specs=nano.specs -mfpu=fpv4-sp-d16 -mfloat-abi=hard -mthumb -Wl,--start-group -lc -lm -Wl,--end-group
Finished building target: led_project.elf
 
arm-none-eabi-size  led_project.elf 
arm-none-eabi-objdump -h -S led_project.elf  > "led_project.list"
   text	   data	    bss	    dec	    hex	filename
    780	      0	   1568	   2348	    92c	led_project.elf
Finished building: default.size.stdout
 
Finished building: led_project.list
 
20:55:52 **** Incremental Build of configuration Debug for project led_project ****
make -j8 all 
arm-none-eabi-gcc "../Src/main.c" -mcpu=cortex-m4 -std=gnu11 -g3 -DDEBUG -DSTM32 -DSTM32F407G_DISC1 -DSTM32F4 -DSTM32F407VGTx -c -I../Inc -O0 -ffunction-sections -fdata-sections -Wall -fstack-usage -fcyclomatic-complexity -MMD -MP -MF"Src/main.d" -MT"Src/main.o" --specs=nano.specs -mfpu=fpv4-sp-d16 -mfloat-abi=hard -mthumb -o "Src/main.o"
arm-none-eabi-gcc -o "led_project.elf" @"objects.list"   -mcpu=cortex-m4 -T"C:\Users\huray\dev\Embedded_Systems\projects\led_project\STM32F407VGTX_FLASH.ld" --specs=nosys.specs -Wl,-Map="led_project.map" -Wl,--gc-sections -static --specs=nano.specs -mfpu=fpv4-sp-d16 -mfloat-abi=hard -mthumb -Wl,--start-group -lc -lm -Wl,--end-group
Finished building target: led_project.elf
 
arm-none-eabi-size  led_project.elf 
arm-none-eabi-objdump -h -S led_project.elf  > "led_project.list"
   text	   data	    bss	    dec	    hex	filename
    780	      0	   1568	   2348	    92c	led_project.elf
Finished building: default.size.stdout
 
Finished building: led_project.list
 
20:56:41 **** Incremental Build of configuration Debug for project led_project ****
make -j8 all 
arm-none-eabi-gcc "../Src/main.c" -mcpu=cortex-m4 -std=gnu11 -g3 -DDEBUG -DSTM32 -DSTM32F407G_DISC1 -DSTM32F4 -DSTM32F407VGTx -c -I../Inc -O0 -ffunction-sections -fdata-sections -Wall -fstack-usage -fcyclomatic-complexity -MMD -MP -MF"Src/main.d" -MT"Src/main.o" --specs=nano.specs -mfpu=fpv4-sp-d16 -mfloat-abi=hard -mthumb -o "Src/main.o"
arm-none-eabi-gcc -o "led_project.elf" @"objects.list"   -mcpu=cortex-m4 -T"C:\Users\huray\dev\Embedded_Systems\projects\led_project\STM32F407VGTX_FLASH.ld" --specs=nosys.specs -Wl,-Map="led_project.map" -Wl,--gc-sections -static --specs=nano.specs -mfpu=fpv4-sp-d16 -mfloat-abi=hard -mthumb -Wl,--start-group -lc -lm -Wl,--end-group
Finished building target: led_project.elf
 
arm-none-eabi-size  led_project.elf 
arm-none-eabi-objdump -h -S led_project.elf  > "led_project.list"
   text	   data	    bss	    dec	    hex	filename
    780	      0	   1568	   2348	    92c	led_project.elf
Finished building: default.size.stdout
 
Finished building: led_project.list
 
20:57:14 **** Incremental Build of configuration Debug for project led_project ****
make -j8 all 
arm-none-eabi-gcc "../Src/main.c" -mcpu=cortex-m4 -std=gnu11 -g3 -DDEBUG -DSTM32 -DSTM32F407G_DISC1 -DSTM32F4 -DSTM32F407VGTx -c -I../Inc -O0 -ffunction-sections -fdata-sections -Wall -fstack-usage -fcyclomatic-complexity -MMD -MP -MF"Src/main.d" -MT"Src/main.o" --specs=nano.specs -mfpu=fpv4-sp-d16 -mfloat-abi=hard -mthumb -o "Src/main.o"
arm-none-eabi-gcc -o "led_project.elf" @"objects.list"   -mcpu=cortex-m4 -T"C:\Users\huray\dev\Embedded_Systems\projects\led_project\STM32F407VGTX_FLASH.ld" --specs=nosys.specs -Wl,-Map="led_project.map" -Wl,--gc-sections -static --specs=nano.specs -mfpu=fpv4-sp-d16 -mfloat-abi=hard -mthumb -Wl,--start-group -lc -lm -Wl,--end-group
Finished building target: led_project.elf
 
arm-none-eabi-size  led_project.elf 
arm-none-eabi-objdump -h -S led_project.elf  > "led_project.list"
   text	   data	    bss	    dec	    hex	filename
    780	      0	   1568	   2348	    92c	led_project.elf
Finished building: default.size.stdout
 
Finished building: led_project.list
 
10:21:00 **** Incremental Build of configuration Debug for project led_project ****
make -j8 all 
arm-none-eabi-gcc "../Src/main.c" -mcpu=cortex-m4 -std=gnu11 -g3 -DDEBUG -DSTM32 -DSTM32F407G_DISC1 -DSTM32F4 -DSTM32F407VGTx -c -I../Inc -O0 -ffunction-sections -fdata-sections -Wall -fstack-usage -fcyclomatic-complexity -MMD -MP -MF"Src/main.d" -MT"Src/main.o" --specs=nano.specs -mfpu=fpv4-sp-d16 -mfloat-abi=hard -mthumb -o "Src/main.o"
arm-none-eabi-gcc -o "led_project.elf" @"objects.list"   -mcpu=cortex-m4 -T"C:\Users\huray\dev\Embedded_Systems\projects\led_project\STM32F407VGTX_FLASH.ld" --specs=nosys.specs -Wl,-Map="led_project.map" -Wl,--gc-sections -static --specs=nano.specs -mfpu=fpv4-sp-d16 -mfloat-abi=hard -mthumb -Wl,--start-group -lc -lm -Wl,--end-group
Finished building target: led_project.elf
 
arm-none-eabi-size  led_project.elf 
arm-none-eabi-objdump -h -S led_project.elf  > "led_project.list"
   text	   data	    bss	    dec	    hex	filename
    768	      0	   1568	   2336	    920	led_project.elf
Finished building: default.size.stdout
 
Finished building: led_project.list
 
15:03:48 **** Incremental Build of configuration Debug for project led_project ****
make -j8 all 
arm-none-eabi-gcc "../Src/main.c" -mcpu=cortex-m4 -std=gnu11 -g3 -DDEBUG -DSTM32 -DSTM32F407G_DISC1 -DSTM32F4 -DSTM32F407VGTx -c -I../Inc -O0 -ffunction-sections -fdata-sections -Wall -fstack-usage -fcyclomatic-complexity -MMD -MP -MF"Src/main.d" -MT"Src/main.o" --specs=nano.specs -mfpu=fpv4-sp-d16 -mfloat-abi=hard -mthumb -o "Src/main.o"
../Src/main.c: In function 'main':
../Src/main.c:33:15: warning: unused variable 'pGPIOA_IDR' [-Wunused-variable]
   33 |     uint32_t* pGPIOA_IDR = (uint32_t*)GPIOA_IDR;
      |               ^~~~~~~~~~
../Src/main.c:32:15: warning: unused variable 'pGPIOA_ODR' [-Wunused-variable]
   32 |     uint32_t* pGPIOA_ODR = (uint32_t*)GPIOA_ODR;
      |               ^~~~~~~~~~
../Src/main.c:31:15: warning: unused variable 'pGPIOA_MODER' [-Wunused-variable]
   31 |     uint32_t* pGPIOA_MODER = (uint32_t*)GPIOA_MODER;
      |               ^~~~~~~~~~~~
arm-none-eabi-gcc -o "led_project.elf" @"objects.list"   -mcpu=cortex-m4 -T"C:\Users\huray\dev\Embedded_Systems\projects\led_project\STM32F407VGTX_FLASH.ld" --specs=nosys.specs -Wl,-Map="led_project.map" -Wl,--gc-sections -static --specs=nano.specs -mfpu=fpv4-sp-d16 -mfloat-abi=hard -mthumb -Wl,--start-group -lc -lm -Wl,--end-group
Finished building target: led_project.elf
 
arm-none-eabi-size  led_project.elf 
arm-none-eabi-objdump -h -S led_project.elf  > "led_project.list"
   text	   data	    bss	    dec	    hex	filename
    720	      0	   1568	   2288	    8f0	led_project.elf
Finished building: default.size.stdout
 
Finished building: led_project.list
 
15:22:57 **** Incremental Build of configuration Debug for project led_project ****
make -j8 all 
arm-none-eabi-gcc "../Src/main.c" -mcpu=cortex-m4 -std=gnu11 -g3 -DDEBUG -DSTM32 -DSTM32F407G_DISC1 -DSTM32F4 -DSTM32F407VGTx -c -I../Inc -O0 -ffunction-sections -fdata-sections -Wall -fstack-usage -fcyclomatic-complexity -MMD -MP -MF"Src/main.d" -MT"Src/main.o" --specs=nano.specs -mfpu=fpv4-sp-d16 -mfloat-abi=hard -mthumb -o "Src/main.o"
arm-none-eabi-gcc -o "led_project.elf" @"objects.list"   -mcpu=cortex-m4 -T"C:\Users\huray\dev\Embedded_Systems\projects\led_project\STM32F407VGTX_FLASH.ld" --specs=nosys.specs -Wl,-Map="led_project.map" -Wl,--gc-sections -static --specs=nano.specs -mfpu=fpv4-sp-d16 -mfloat-abi=hard -mthumb -Wl,--start-group -lc -lm -Wl,--end-group
Finished building target: led_project.elf
 
arm-none-eabi-size  led_project.elf 
arm-none-eabi-objdump -h -S led_project.elf  > "led_project.list"
   text	   data	    bss	    dec	    hex	filename
    768	      0	   1568	   2336	    920	led_project.elf
Finished building: default.size.stdout
 
Finished building: led_project.list
 
15:37:41 **** Incremental Build of configuration Debug for project led_project ****
make -j8 all 
arm-none-eabi-gcc "../Src/main.c" -mcpu=cortex-m4 -std=gnu11 -g3 -DDEBUG -DSTM32 -DSTM32F407G_DISC1 -DSTM32F4 -DSTM32F407VGTx -c -I../Inc -O0 -ffunction-sections -fdata-sections -Wall -fstack-usage -fcyclomatic-complexity -MMD -MP -MF"Src/main.d" -MT"Src/main.o" --specs=nano.specs -mfpu=fpv4-sp-d16 -mfloat-abi=hard -mthumb -o "Src/main.o"
arm-none-eabi-gcc -o "led_project.elf" @"objects.list"   -mcpu=cortex-m4 -T"C:\Users\huray\dev\Embedded_Systems\projects\led_project\STM32F407VGTX_FLASH.ld" --specs=nosys.specs -Wl,-Map="led_project.map" -Wl,--gc-sections -static --specs=nano.specs -mfpu=fpv4-sp-d16 -mfloat-abi=hard -mthumb -Wl,--start-group -lc -lm -Wl,--end-group
Finished building target: led_project.elf
 
arm-none-eabi-size  led_project.elf 
arm-none-eabi-objdump -h -S led_project.elf  > "led_project.list"
   text	   data	    bss	    dec	    hex	filename
    768	      0	   1568	   2336	    920	led_project.elf
Finished building: default.size.stdout
 
Finished building: led_project.list
 
21:02:06 **** Incremental Build of configuration Debug for project led_project ****
make -j8 all 
arm-none-eabi-gcc "../Src/main.c" -mcpu=cortex-m4 -std=gnu11 -g3 -DDEBUG -DSTM32 -DSTM32F407G_DISC1 -DSTM32F4 -DSTM32F407VGTx -c -I../Inc -O0 -ffunction-sections -fdata-sections -Wall -fstack-usage -fcyclomatic-complexity -MMD -MP -MF"Src/main.d" -MT"Src/main.o" --specs=nano.specs -mfpu=fpv4-sp-d16 -mfloat-abi=hard -mthumb -o "Src/main.o"
../Src/main.c: In function 'main':
../Src/main.c:44:15: warning: unused variable 'pGPIOA_IDR' [-Wunused-variable]
   44 |     uint32_t* pGPIOA_IDR = (uint32_t*)GPIOA_IDR;
      |               ^~~~~~~~~~
../Src/main.c:43:15: warning: unused variable 'pGPIOA_ODR' [-Wunused-variable]
   43 |     uint32_t* pGPIOA_ODR = (uint32_t*)GPIOA_ODR;
      |               ^~~~~~~~~~
arm-none-eabi-gcc -o "led_project.elf" @"objects.list"   -mcpu=cortex-m4 -T"C:\Users\huray\dev\Embedded_Systems\projects\led_project\STM32F407VGTX_FLASH.ld" --specs=nosys.specs -Wl,-Map="led_project.map" -Wl,--gc-sections -static --specs=nano.specs -mfpu=fpv4-sp-d16 -mfloat-abi=hard -mthumb -Wl,--start-group -lc -lm -Wl,--end-group
Finished building target: led_project.elf
 
arm-none-eabi-size  led_project.elf 
arm-none-eabi-objdump -h -S led_project.elf  > "led_project.list"
   text	   data	    bss	    dec	    hex	filename
    844	      0	   1568	   2412	    96c	led_project.elf
Finished building: default.size.stdout
 
Finished building: led_project.list
 
21:10:41 **** Incremental Build of configuration Debug for project led_project ****
make -j8 all 
arm-none-eabi-gcc "../Src/main.c" -mcpu=cortex-m4 -std=gnu11 -g3 -DDEBUG -DSTM32 -DSTM32F407G_DISC1 -DSTM32F4 -DSTM32F407VGTx -c -I../Inc -O0 -ffunction-sections -fdata-sections -Wall -fstack-usage -fcyclomatic-complexity -MMD -MP -MF"Src/main.d" -MT"Src/main.o" --specs=nano.specs -mfpu=fpv4-sp-d16 -mfloat-abi=hard -mthumb -o "Src/main.o"
arm-none-eabi-gcc -o "led_project.elf" @"objects.list"   -mcpu=cortex-m4 -T"C:\Users\huray\dev\Embedded_Systems\projects\led_project\STM32F407VGTX_FLASH.ld" --specs=nosys.specs -Wl,-Map="led_project.map" -Wl,--gc-sections -static --specs=nano.specs -mfpu=fpv4-sp-d16 -mfloat-abi=hard -mthumb -Wl,--start-group -lc -lm -Wl,--end-group
Finished building target: led_project.elf
 
arm-none-eabi-size  led_project.elf 
arm-none-eabi-objdump -h -S led_project.elf  > "led_project.list"
   text	   data	    bss	    dec	    hex	filename
    904	      0	   1568	   2472	    9a8	led_project.elf
Finished building: default.size.stdout
 
Finished building: led_project.list
 
21:11:01 **** Incremental Build of configuration Debug for project led_project ****
make -j8 all 
arm-none-eabi-size  led_project.elf 
   text	   data	    bss	    dec	    hex	filename
    904	      0	   1568	   2472	    9a8	led_project.elf
Finished building: default.size.stdout
 
20:03:57 **** Clean-only build of configuration Debug for project 001HelloWorld ****
make -j8 clean 
rm -rf ./Startup/startup_stm32f407vgtx.d ./Startup/startup_stm32f407vgtx.o
rm -rf ./Src/main.cyclo ./Src/main.d ./Src/main.o ./Src/main.su ./Src/syscalls.cyclo ./Src/syscalls.d ./Src/syscalls.o ./Src/syscalls.su ./Src/sysmem.cyclo ./Src/sysmem.d ./Src/sysmem.o ./Src/sysmem.su
rm -rf 001HelloWorld.elf 001HelloWorld.list 001HelloWorld.map default.size.stdout
 
20:03:59 **** Build of configuration Debug for project 001HelloWorld ****
make -j8 all 
arm-none-eabi-gcc -mcpu=cortex-m4 -g3 -DDEBUG -c -x assembler-with-cpp -MMD -MP -MF"Startup/startup_stm32f407vgtx.d" -MT"Startup/startup_stm32f407vgtx.o" --specs=nano.specs -mfpu=fpv4-sp-d16 -mfloat-abi=hard -mthumb -o "Startup/startup_stm32f407vgtx.o" "../Startup/startup_stm32f407vgtx.s"
arm-none-eabi-gcc "../Src/main.c" -mcpu=cortex-m4 -std=gnu11 -g3 -DDEBUG -DSTM32 -DSTM32F407G_DISC1 -DSTM32F4 -DSTM32F407VGTx -c -I../Inc -O0 -ffunction-sections -fdata-sections -Wall -fstack-usage -fcyclomatic-complexity -MMD -MP -MF"Src/main.d" -MT"Src/main.o" --specs=nano.specs -mfpu=fpv4-sp-d16 -mfloat-abi=hard -mthumb -o "Src/main.o"
arm-none-eabi-gcc "../Src/syscalls.c" -mcpu=cortex-m4 -std=gnu11 -g3 -DDEBUG -DSTM32 -DSTM32F407G_DISC1 -DSTM32F4 -DSTM32F407VGTx -c -I../Inc -O0 -ffunction-sections -fdata-sections -Wall -fstack-usage -fcyclomatic-complexity -MMD -MP -MF"Src/syscalls.d" -MT"Src/syscalls.o" --specs=nano.specs -mfpu=fpv4-sp-d16 -mfloat-abi=hard -mthumb -o "Src/syscalls.o"
arm-none-eabi-gcc "../Src/sysmem.c" -mcpu=cortex-m4 -std=gnu11 -g3 -DDEBUG -DSTM32 -DSTM32F407G_DISC1 -DSTM32F4 -DSTM32F407VGTx -c -I../Inc -O0 -ffunction-sections -fdata-sections -Wall -fstack-usage -fcyclomatic-complexity -MMD -MP -MF"Src/sysmem.d" -MT"Src/sysmem.o" --specs=nano.specs -mfpu=fpv4-sp-d16 -mfloat-abi=hard -mthumb -o "Src/sysmem.o"
../Src/main.c:22:4: warning: #warning "FPU is not initialized, but the project is compiling for an FPU. Please initialize the FPU before use." [-Wcpp]
   22 |   #warning "FPU is not initialized, but the project is compiling for an FPU. Please initialize the FPU before use."
      |    ^~~~~~~
arm-none-eabi-gcc -o "001HelloWorld.elf" @"objects.list"   -mcpu=cortex-m4 -T"C:\Users\huray\dev\Embedded_Systems\projects\001HelloWorld\STM32F407VGTX_FLASH.ld" --specs=nosys.specs -Wl,-Map="001HelloWorld.map" -Wl,--gc-sections -static --specs=nano.specs -mfpu=fpv4-sp-d16 -mfloat-abi=hard -mthumb -Wl,--start-group -lc -lm -Wl,--end-group
Finished building target: 001HelloWorld.elf
 
arm-none-eabi-size  001HelloWorld.elf 
arm-none-eabi-objdump -h -S 001HelloWorld.elf  > "001HelloWorld.list"
   text	   data	    bss	    dec	    hex	filename
   3404	     92	   1900	   5396	   1514	001HelloWorld.elf
Finished building: default.size.stdout
 
Finished building: 001HelloWorld.list
 
20:04:01 **** Incremental Build of configuration Debug for project HSE_measurment ****
make -j8 all 
arm-none-eabi-gcc -mcpu=cortex-m4 -g3 -DDEBUG -c -x assembler-with-cpp -MMD -MP -MF"Startup/startup_stm32f407vgtx.d" -MT"Startup/startup_stm32f407vgtx.o" --specs=nano.specs -mfpu=fpv4-sp-d16 -mfloat-abi=hard -mthumb -o "Startup/startup_stm32f407vgtx.o" "../Startup/startup_stm32f407vgtx.s"
arm-none-eabi-gcc -o "HSE_measurment.elf" @"objects.list"   -mcpu=cortex-m4 -T"C:\Users\huray\dev\Embedded_Systems\projects\HSE_measurment\STM32F407VGTX_FLASH.ld" --specs=nosys.specs -Wl,-Map="HSE_measurment.map" -Wl,--gc-sections -static --specs=nano.specs -mfpu=fpv4-sp-d16 -mfloat-abi=hard -mthumb -Wl,--start-group -lc -lm -Wl,--end-group
Finished building target: HSE_measurment.elf
 
arm-none-eabi-size  HSE_measurment.elf 
arm-none-eabi-objdump -h -S HSE_measurment.elf  > "HSE_measurment.list"
   text	   data	    bss	    dec	    hex	filename
    816	      0	   1568	   2384	    950	HSE_measurment.elf
Finished building: default.size.stdout
 
Finished building: HSE_measurment.list
 
20:04:02 **** Incremental Build of configuration Debug for project HSI_measurment ****
make -j8 all 
arm-none-eabi-size  HSI_measurment.elf 
   text	   data	    bss	    dec	    hex	filename
    772	      0	   1568	   2340	    924	HSI_measurment.elf
Finished building: default.size.stdout
 
20:04:03 **** Build of configuration Debug for project bomb_diffuser_project ****
make -j8 all 
arm-none-eabi-gcc -mcpu=cortex-m4 -g3 -DDEBUG -c -x assembler-with-cpp -MMD -MP -MF"Startup/startup_stm32f407vgtx.d" -MT"Startup/startup_stm32f407vgtx.o" --specs=nano.specs -mfpu=fpv4-sp-d16 -mfloat-abi=hard -mthumb -o "Startup/startup_stm32f407vgtx.o" "../Startup/startup_stm32f407vgtx.s"
arm-none-eabi-gcc "../Src/main.c" -mcpu=cortex-m4 -std=gnu11 -g3 -DDEBUG -DSTM32 -DSTM32F407G_DISC1 -DSTM32F4 -DSTM32F407VGTx -c -I../Inc -O0 -ffunction-sections -fdata-sections -Wall -fstack-usage -fcyclomatic-complexity -MMD -MP -MF"Src/main.d" -MT"Src/main.o" --specs=nano.specs -mfpu=fpv4-sp-d16 -mfloat-abi=hard -mthumb -o "Src/main.o"
arm-none-eabi-gcc "../Src/syscalls.c" -mcpu=cortex-m4 -std=gnu11 -g3 -DDEBUG -DSTM32 -DSTM32F407G_DISC1 -DSTM32F4 -DSTM32F407VGTx -c -I../Inc -O0 -ffunction-sections -fdata-sections -Wall -fstack-usage -fcyclomatic-complexity -MMD -MP -MF"Src/syscalls.d" -MT"Src/syscalls.o" --specs=nano.specs -mfpu=fpv4-sp-d16 -mfloat-abi=hard -mthumb -o "Src/syscalls.o"
arm-none-eabi-gcc "../Src/sysmem.c" -mcpu=cortex-m4 -std=gnu11 -g3 -DDEBUG -DSTM32 -DSTM32F407G_DISC1 -DSTM32F4 -DSTM32F407VGTx -c -I../Inc -O0 -ffunction-sections -fdata-sections -Wall -fstack-usage -fcyclomatic-complexity -MMD -MP -MF"Src/sysmem.d" -MT"Src/sysmem.o" --specs=nano.specs -mfpu=fpv4-sp-d16 -mfloat-abi=hard -mthumb -o "Src/sysmem.o"
../Src/main.c: In function 'main':
../Src/main.c:36:28: warning: unused variable 'pTIM2_SR' [-Wunused-variable]
   36 |         volatile uint32_t *pTIM2_SR    = (volatile uint32_t *)TIM2_SR;
      |                            ^~~~~~~~
../Src/main.c:32:28: warning: unused variable 'pGPIOA_ODR' [-Wunused-variable]
   32 |         volatile uint32_t *pGPIOA_ODR  = (volatile uint32_t *)GPIOA_ODR;
      |                            ^~~~~~~~~~
../Src/main.c: In function 'TIM2_IRQHandler':
../Src/main.c:97:28: warning: unused variable 'pTIM2_CR1' [-Wunused-variable]
   97 |         volatile uint32_t *pTIM2_CR1   = (volatile uint32_t *)TIM2_CR1;
      |                            ^~~~~~~~~
../Src/main.c:83:20: warning: unused variable 'counter' [-Wunused-variable]
   83 |         static int counter = 0;
      |                    ^~~~~~~
arm-none-eabi-gcc -o "bomb_diffuser_project.elf" @"objects.list"   -mcpu=cortex-m4 -T"C:\Users\huray\dev\Embedded_Systems\projects\bomb_diffuser_project\STM32F407VGTX_FLASH.ld" --specs=nosys.specs -Wl,-Map="bomb_diffuser_project.map" -Wl,--gc-sections -static --specs=nano.specs -mfpu=fpv4-sp-d16 -mfloat-abi=hard -mthumb -Wl,--start-group -lc -lm -Wl,--end-group
Finished building target: bomb_diffuser_project.elf
 
arm-none-eabi-size  bomb_diffuser_project.elf 
arm-none-eabi-objdump -h -S bomb_diffuser_project.elf  > "bomb_diffuser_project.list"
   text	   data	    bss	    dec	    hex	filename
    876	      0	   1568	   2444	    98c	bomb_diffuser_project.elf
Finished building: default.size.stdout
 
Finished building: bomb_diffuser_project.list
 
20:04:04 **** Build of configuration Debug for project inline_1 ****
make -j8 all 
arm-none-eabi-size  inline_1.elf 
   text	   data	    bss	    dec	    hex	filename
    672	      0	   1568	   2240	    8c0	inline_1.elf
Finished building: default.size.stdout
 
20:04:04 **** Incremental Build of configuration Debug for project led_project ****
make -j8 all 
arm-none-eabi-size  led_project.elf 
   text	   data	    bss	    dec	    hex	filename
    904	      0	   1568	   2472	    9a8	led_project.elf
Finished building: default.size.stdout
 
20:04:05 **** Build of configuration Debug for project operation_modes ****
make -j8 all 
arm-none-eabi-size  operation_modes.elf 
   text	   data	    bss	    dec	    hex	filename
   3492	     92	   1900	   5484	   156c	operation_modes.elf
Finished building: default.size.stdout
 
20:10:08 **** Incremental Build of configuration Debug for project bomb_diffuser_project ****
make -j8 all 
arm-none-eabi-gcc "../Src/main.c" -mcpu=cortex-m4 -std=gnu11 -g3 -DDEBUG -DSTM32 -DSTM32F407G_DISC1 -DSTM32F4 -DSTM32F407VGTx -c -I../Inc -O0 -ffunction-sections -fdata-sections -Wall -fstack-usage -fcyclomatic-complexity -MMD -MP -MF"Src/main.d" -MT"Src/main.o" --specs=nano.specs -mfpu=fpv4-sp-d16 -mfloat-abi=hard -mthumb -o "Src/main.o"
../Src/main.c: In function 'main':
../Src/main.c:36:28: warning: unused variable 'pTIM2_SR' [-Wunused-variable]
   36 |         volatile uint32_t *pTIM2_SR    = (volatile uint32_t *)TIM2_SR;
      |                            ^~~~~~~~
../Src/main.c:32:28: warning: unused variable 'pGPIOA_ODR' [-Wunused-variable]
   32 |         volatile uint32_t *pGPIOA_ODR  = (volatile uint32_t *)GPIOA_ODR;
      |                            ^~~~~~~~~~
arm-none-eabi-gcc -o "bomb_diffuser_project.elf" @"objects.list"   -mcpu=cortex-m4 -T"C:\Users\huray\dev\Embedded_Systems\projects\bomb_diffuser_project\STM32F407VGTX_FLASH.ld" --specs=nosys.specs -Wl,-Map="bomb_diffuser_project.map" -Wl,--gc-sections -static --specs=nano.specs -mfpu=fpv4-sp-d16 -mfloat-abi=hard -mthumb -Wl,--start-group -lc -lm -Wl,--end-group
Finished building target: bomb_diffuser_project.elf
 
arm-none-eabi-size  bomb_diffuser_project.elf 
arm-none-eabi-objdump -h -S bomb_diffuser_project.elf  > "bomb_diffuser_project.list"
   text	   data	    bss	    dec	    hex	filename
    908	      4	   1564	   2476	    9ac	bomb_diffuser_project.elf
Finished building: default.size.stdout
 
Finished building: bomb_diffuser_project.list
 
20:12:36 **** Incremental Build of configuration Debug for project bomb_diffuser_project ****
make -j8 all 
arm-none-eabi-gcc "../Src/main.c" -mcpu=cortex-m4 -std=gnu11 -g3 -DDEBUG -DSTM32 -DSTM32F407G_DISC1 -DSTM32F4 -DSTM32F407VGTx -c -I../Inc -O0 -ffunction-sections -fdata-sections -Wall -fstack-usage -fcyclomatic-complexity -MMD -MP -MF"Src/main.d" -MT"Src/main.o" --specs=nano.specs -mfpu=fpv4-sp-d16 -mfloat-abi=hard -mthumb -o "Src/main.o"
../Src/main.c: In function 'main':
../Src/main.c:36:28: warning: unused variable 'pTIM2_SR' [-Wunused-variable]
   36 |         volatile uint32_t *pTIM2_SR    = (volatile uint32_t *)TIM2_SR;
      |                            ^~~~~~~~
../Src/main.c:32:28: warning: unused variable 'pGPIOA_ODR' [-Wunused-variable]
   32 |         volatile uint32_t *pGPIOA_ODR  = (volatile uint32_t *)GPIOA_ODR;
      |                            ^~~~~~~~~~
arm-none-eabi-gcc -o "bomb_diffuser_project.elf" @"objects.list"   -mcpu=cortex-m4 -T"C:\Users\huray\dev\Embedded_Systems\projects\bomb_diffuser_project\STM32F407VGTX_FLASH.ld" --specs=nosys.specs -Wl,-Map="bomb_diffuser_project.map" -Wl,--gc-sections -static --specs=nano.specs -mfpu=fpv4-sp-d16 -mfloat-abi=hard -mthumb -Wl,--start-group -lc -lm -Wl,--end-group
Finished building target: bomb_diffuser_project.elf
 
arm-none-eabi-size  bomb_diffuser_project.elf 
arm-none-eabi-objdump -h -S bomb_diffuser_project.elf  > "bomb_diffuser_project.list"
   text	   data	    bss	    dec	    hex	filename
    908	      4	   1564	   2476	    9ac	bomb_diffuser_project.elf
Finished building: default.size.stdout
 
Finished building: bomb_diffuser_project.list
 
09:11:23 **** Incremental Build of configuration Debug for project bomb_diffuser_project ****
make -j8 all 
arm-none-eabi-gcc "../Src/main.c" -mcpu=cortex-m4 -std=gnu11 -g3 -DDEBUG -DSTM32 -DSTM32F407G_DISC1 -DSTM32F4 -DSTM32F407VGTx -c -I../Inc -O0 -ffunction-sections -fdata-sections -Wall -fstack-usage -fcyclomatic-complexity -MMD -MP -MF"Src/main.d" -MT"Src/main.o" --specs=nano.specs -mfpu=fpv4-sp-d16 -mfloat-abi=hard -mthumb -o "Src/main.o"
../Src/main.c: In function 'main':
../Src/main.c:108:28: warning: unused variable 'pADC_DR' [-Wunused-variable]
  108 |         volatile uint32_t *pADC_DR = (volatile uint32_t *)ADC_DR;
      |                            ^~~~~~~
arm-none-eabi-gcc -o "bomb_diffuser_project.elf" @"objects.list"   -mcpu=cortex-m4 -T"C:\Users\huray\dev\Embedded_Systems\projects\bomb_diffuser_project\STM32F407VGTX_FLASH.ld" --specs=nosys.specs -Wl,-Map="bomb_diffuser_project.map" -Wl,--gc-sections -static --specs=nano.specs -mfpu=fpv4-sp-d16 -mfloat-abi=hard -mthumb -Wl,--start-group -lc -lm -Wl,--end-group
Finished building target: bomb_diffuser_project.elf
 
arm-none-eabi-size  bomb_diffuser_project.elf 
arm-none-eabi-objdump -h -S bomb_diffuser_project.elf  > "bomb_diffuser_project.list"
   text	   data	    bss	    dec	    hex	filename
    780	      0	   1568	   2348	    92c	bomb_diffuser_project.elf
Finished building: default.size.stdout
 
Finished building: bomb_diffuser_project.list
 
09:12:32 **** Incremental Build of configuration Debug for project bomb_diffuser_project ****
make -j8 all 
arm-none-eabi-size  bomb_diffuser_project.elf 
   text	   data	    bss	    dec	    hex	filename
    780	      0	   1568	   2348	    92c	bomb_diffuser_project.elf
Finished building: default.size.stdout
 
13:05:42 **** Incremental Build of configuration Debug for project bomb_diffuser_project ****
make -j8 all 
arm-none-eabi-gcc "../Src/main.c" -mcpu=cortex-m4 -std=gnu11 -g3 -DDEBUG -DSTM32 -DSTM32F407G_DISC1 -DSTM32F4 -DSTM32F407VGTx -c -I../Inc -O0 -ffunction-sections -fdata-sections -Wall -fstack-usage -fcyclomatic-complexity -MMD -MP -MF"Src/main.d" -MT"Src/main.o" --specs=nano.specs -mfpu=fpv4-sp-d16 -mfloat-abi=hard -mthumb -o "Src/main.o"
arm-none-eabi-gcc -o "bomb_diffuser_project.elf" @"objects.list"   -mcpu=cortex-m4 -T"C:\Users\huray\dev\Embedded_Systems\projects\bomb_diffuser_project\STM32F407VGTX_FLASH.ld" --specs=nosys.specs -Wl,-Map="bomb_diffuser_project.map" -Wl,--gc-sections -static --specs=nano.specs -mfpu=fpv4-sp-d16 -mfloat-abi=hard -mthumb -Wl,--start-group -lc -lm -Wl,--end-group
Finished building target: bomb_diffuser_project.elf
 
arm-none-eabi-size  bomb_diffuser_project.elf 
arm-none-eabi-objdump -h -S bomb_diffuser_project.elf  > "bomb_diffuser_project.list"
   text	   data	    bss	    dec	    hex	filename
    840	      0	   1568	   2408	    968	bomb_diffuser_project.elf
Finished building: default.size.stdout
 
Finished building: bomb_diffuser_project.list
 
13:07:22 **** Incremental Build of configuration Debug for project bomb_diffuser_project ****
make -j8 all 
arm-none-eabi-gcc "../Src/main.c" -mcpu=cortex-m4 -std=gnu11 -g3 -DDEBUG -DSTM32 -DSTM32F407G_DISC1 -DSTM32F4 -DSTM32F407VGTx -c -I../Inc -O0 -ffunction-sections -fdata-sections -Wall -fstack-usage -fcyclomatic-complexity -MMD -MP -MF"Src/main.d" -MT"Src/main.o" --specs=nano.specs -mfpu=fpv4-sp-d16 -mfloat-abi=hard -mthumb -o "Src/main.o"
arm-none-eabi-gcc -o "bomb_diffuser_project.elf" @"objects.list"   -mcpu=cortex-m4 -T"C:\Users\huray\dev\Embedded_Systems\projects\bomb_diffuser_project\STM32F407VGTX_FLASH.ld" --specs=nosys.specs -Wl,-Map="bomb_diffuser_project.map" -Wl,--gc-sections -static --specs=nano.specs -mfpu=fpv4-sp-d16 -mfloat-abi=hard -mthumb -Wl,--start-group -lc -lm -Wl,--end-group
Finished building target: bomb_diffuser_project.elf
 
arm-none-eabi-size  bomb_diffuser_project.elf 
arm-none-eabi-objdump -h -S bomb_diffuser_project.elf  > "bomb_diffuser_project.list"
   text	   data	    bss	    dec	    hex	filename
    840	      0	   1568	   2408	    968	bomb_diffuser_project.elf
Finished building: default.size.stdout
 
Finished building: bomb_diffuser_project.list
 
13:08:04 **** Incremental Build of configuration Debug for project bomb_diffuser_project ****
make -j8 all 
arm-none-eabi-gcc "../Src/main.c" -mcpu=cortex-m4 -std=gnu11 -g3 -DDEBUG -DSTM32 -DSTM32F407G_DISC1 -DSTM32F4 -DSTM32F407VGTx -c -I../Inc -O0 -ffunction-sections -fdata-sections -Wall -fstack-usage -fcyclomatic-complexity -MMD -MP -MF"Src/main.d" -MT"Src/main.o" --specs=nano.specs -mfpu=fpv4-sp-d16 -mfloat-abi=hard -mthumb -o "Src/main.o"
arm-none-eabi-gcc -o "bomb_diffuser_project.elf" @"objects.list"   -mcpu=cortex-m4 -T"C:\Users\huray\dev\Embedded_Systems\projects\bomb_diffuser_project\STM32F407VGTX_FLASH.ld" --specs=nosys.specs -Wl,-Map="bomb_diffuser_project.map" -Wl,--gc-sections -static --specs=nano.specs -mfpu=fpv4-sp-d16 -mfloat-abi=hard -mthumb -Wl,--start-group -lc -lm -Wl,--end-group
Finished building target: bomb_diffuser_project.elf
 
arm-none-eabi-size  bomb_diffuser_project.elf 
arm-none-eabi-objdump -h -S bomb_diffuser_project.elf  > "bomb_diffuser_project.list"
   text	   data	    bss	    dec	    hex	filename
    840	      0	   1568	   2408	    968	bomb_diffuser_project.elf
Finished building: default.size.stdout
 
Finished building: bomb_diffuser_project.list
 
13:22:39 **** Incremental Build of configuration Debug for project bomb_diffuser_project ****
make -j8 all 
arm-none-eabi-gcc "../Src/main.c" -mcpu=cortex-m4 -std=gnu11 -g3 -DDEBUG -DSTM32 -DSTM32F407G_DISC1 -DSTM32F4 -DSTM32F407VGTx -c -I../Inc -O0 -ffunction-sections -fdata-sections -Wall -fstack-usage -fcyclomatic-complexity -MMD -MP -MF"Src/main.d" -MT"Src/main.o" --specs=nano.specs -mfpu=fpv4-sp-d16 -mfloat-abi=hard -mthumb -o "Src/main.o"
arm-none-eabi-gcc -o "bomb_diffuser_project.elf" @"objects.list"   -mcpu=cortex-m4 -T"C:\Users\huray\dev\Embedded_Systems\projects\bomb_diffuser_project\STM32F407VGTX_FLASH.ld" --specs=nosys.specs -Wl,-Map="bomb_diffuser_project.map" -Wl,--gc-sections -static --specs=nano.specs -mfpu=fpv4-sp-d16 -mfloat-abi=hard -mthumb -Wl,--start-group -lc -lm -Wl,--end-group
Finished building target: bomb_diffuser_project.elf
 
arm-none-eabi-size  bomb_diffuser_project.elf 
arm-none-eabi-objdump -h -S bomb_diffuser_project.elf  > "bomb_diffuser_project.list"
   text	   data	    bss	    dec	    hex	filename
    840	      0	   1568	   2408	    968	bomb_diffuser_project.elf
Finished building: default.size.stdout
 
Finished building: bomb_diffuser_project.list
 
13:23:09 **** Incremental Build of configuration Debug for project bomb_diffuser_project ****
make -j8 all 
arm-none-eabi-gcc "../Src/main.c" -mcpu=cortex-m4 -std=gnu11 -g3 -DDEBUG -DSTM32 -DSTM32F407G_DISC1 -DSTM32F4 -DSTM32F407VGTx -c -I../Inc -O0 -ffunction-sections -fdata-sections -Wall -fstack-usage -fcyclomatic-complexity -MMD -MP -MF"Src/main.d" -MT"Src/main.o" --specs=nano.specs -mfpu=fpv4-sp-d16 -mfloat-abi=hard -mthumb -o "Src/main.o"
arm-none-eabi-gcc -o "bomb_diffuser_project.elf" @"objects.list"   -mcpu=cortex-m4 -T"C:\Users\huray\dev\Embedded_Systems\projects\bomb_diffuser_project\STM32F407VGTX_FLASH.ld" --specs=nosys.specs -Wl,-Map="bomb_diffuser_project.map" -Wl,--gc-sections -static --specs=nano.specs -mfpu=fpv4-sp-d16 -mfloat-abi=hard -mthumb -Wl,--start-group -lc -lm -Wl,--end-group
Finished building target: bomb_diffuser_project.elf
 
arm-none-eabi-size  bomb_diffuser_project.elf 
arm-none-eabi-objdump -h -S bomb_diffuser_project.elf  > "bomb_diffuser_project.list"
   text	   data	    bss	    dec	    hex	filename
    840	      0	   1568	   2408	    968	bomb_diffuser_project.elf
Finished building: default.size.stdout
 
Finished building: bomb_diffuser_project.list
 
14:30:01 **** Incremental Build of configuration Debug for project bomb_diffuser_project ****
make -j8 all 
arm-none-eabi-gcc "../Src/main.c" -mcpu=cortex-m4 -std=gnu11 -g3 -DDEBUG -DSTM32 -DSTM32F407G_DISC1 -DSTM32F4 -DSTM32F407VGTx -c -I../Inc -O0 -ffunction-sections -fdata-sections -Wall -fstack-usage -fcyclomatic-complexity -MMD -MP -MF"Src/main.d" -MT"Src/main.o" --specs=nano.specs -mfpu=fpv4-sp-d16 -mfloat-abi=hard -mthumb -o "Src/main.o"
../Src/main.c: In function 'main':
../Src/main.c:225:28: warning: unused variable 'pTIM3_CCER' [-Wunused-variable]
  225 |         volatile uint32_t *pTIM3_CCER  = (volatile uint32_t *)TIM3_CCER;
      |                            ^~~~~~~~~~
../Src/main.c:97:28: warning: unused variable 'pTIM2_SR' [-Wunused-variable]
   97 |         volatile uint32_t *pTIM2_SR    = (volatile uint32_t *)TIM2_SR;
      |                            ^~~~~~~~
../Src/main.c:93:28: warning: unused variable 'pGPIOA_ODR' [-Wunused-variable]
   93 |         volatile uint32_t *pGPIOA_ODR  = (volatile uint32_t *)GPIOA_ODR;
      |                            ^~~~~~~~~~
arm-none-eabi-gcc -o "bomb_diffuser_project.elf" @"objects.list"   -mcpu=cortex-m4 -T"C:\Users\huray\dev\Embedded_Systems\projects\bomb_diffuser_project\STM32F407VGTX_FLASH.ld" --specs=nosys.specs -Wl,-Map="bomb_diffuser_project.map" -Wl,--gc-sections -static --specs=nano.specs -mfpu=fpv4-sp-d16 -mfloat-abi=hard -mthumb -Wl,--start-group -lc -lm -Wl,--end-group
Finished building target: bomb_diffuser_project.elf
 
arm-none-eabi-size  bomb_diffuser_project.elf 
arm-none-eabi-objdump -h -S bomb_diffuser_project.elf  > "bomb_diffuser_project.list"
   text	   data	    bss	    dec	    hex	filename
   1156	      4	   1572	   2732	    aac	bomb_diffuser_project.elf
Finished building: default.size.stdout
 
Finished building: bomb_diffuser_project.list
 
14:45:30 **** Incremental Build of configuration Debug for project bomb_diffuser_project ****
make -j8 all 
arm-none-eabi-gcc "../Src/main.c" -mcpu=cortex-m4 -std=gnu11 -g3 -DDEBUG -DSTM32 -DSTM32F407G_DISC1 -DSTM32F4 -DSTM32F407VGTx -c -I../Inc -O0 -ffunction-sections -fdata-sections -Wall -fstack-usage -fcyclomatic-complexity -MMD -MP -MF"Src/main.d" -MT"Src/main.o" --specs=nano.specs -mfpu=fpv4-sp-d16 -mfloat-abi=hard -mthumb -o "Src/main.o"
arm-none-eabi-gcc -o "bomb_diffuser_project.elf" @"objects.list"   -mcpu=cortex-m4 -T"C:\Users\huray\dev\Embedded_Systems\projects\bomb_diffuser_project\STM32F407VGTX_FLASH.ld" --specs=nosys.specs -Wl,-Map="bomb_diffuser_project.map" -Wl,--gc-sections -static --specs=nano.specs -mfpu=fpv4-sp-d16 -mfloat-abi=hard -mthumb -Wl,--start-group -lc -lm -Wl,--end-group
Finished building target: bomb_diffuser_project.elf
 
arm-none-eabi-size  bomb_diffuser_project.elf 
arm-none-eabi-objdump -h -S bomb_diffuser_project.elf  > "bomb_diffuser_project.list"
   text	   data	    bss	    dec	    hex	filename
   1196	     72	   1568	   2836	    b14	bomb_diffuser_project.elf
Finished building: default.size.stdout
 
Finished building: bomb_diffuser_project.list
 
14:47:36 **** Incremental Build of configuration Debug for project bomb_diffuser_project ****
make -j8 all 
arm-none-eabi-gcc "../Src/main.c" -mcpu=cortex-m4 -std=gnu11 -g3 -DDEBUG -DSTM32 -DSTM32F407G_DISC1 -DSTM32F4 -DSTM32F407VGTx -c -I../Inc -O0 -ffunction-sections -fdata-sections -Wall -fstack-usage -fcyclomatic-complexity -MMD -MP -MF"Src/main.d" -MT"Src/main.o" --specs=nano.specs -mfpu=fpv4-sp-d16 -mfloat-abi=hard -mthumb -o "Src/main.o"
arm-none-eabi-gcc -o "bomb_diffuser_project.elf" @"objects.list"   -mcpu=cortex-m4 -T"C:\Users\huray\dev\Embedded_Systems\projects\bomb_diffuser_project\STM32F407VGTX_FLASH.ld" --specs=nosys.specs -Wl,-Map="bomb_diffuser_project.map" -Wl,--gc-sections -static --specs=nano.specs -mfpu=fpv4-sp-d16 -mfloat-abi=hard -mthumb -Wl,--start-group -lc -lm -Wl,--end-group
Finished building target: bomb_diffuser_project.elf
 
arm-none-eabi-size  bomb_diffuser_project.elf 
arm-none-eabi-objdump -h -S bomb_diffuser_project.elf  > "bomb_diffuser_project.list"
   text	   data	    bss	    dec	    hex	filename
   1228	     72	   1568	   2868	    b34	bomb_diffuser_project.elf
Finished building: default.size.stdout
 
Finished building: bomb_diffuser_project.list
 
18:36:57 **** Incremental Build of configuration Debug for project bomb_diffuser_project ****
make -j8 all 
arm-none-eabi-gcc "../Src/main.c" -mcpu=cortex-m4 -std=gnu11 -g3 -DDEBUG -DSTM32 -DSTM32F407G_DISC1 -DSTM32F4 -DSTM32F407VGTx -c -I../Inc -O0 -ffunction-sections -fdata-sections -Wall -fstack-usage -fcyclomatic-complexity -MMD -MP -MF"Src/main.d" -MT"Src/main.o" --specs=nano.specs -mfpu=fpv4-sp-d16 -mfloat-abi=hard -mthumb -o "Src/main.o"
arm-none-eabi-gcc -o "bomb_diffuser_project.elf" @"objects.list"   -mcpu=cortex-m4 -T"C:\Users\huray\dev\Embedded_Systems\projects\bomb_diffuser_project\STM32F407VGTX_FLASH.ld" --specs=nosys.specs -Wl,-Map="bomb_diffuser_project.map" -Wl,--gc-sections -static --specs=nano.specs -mfpu=fpv4-sp-d16 -mfloat-abi=hard -mthumb -Wl,--start-group -lc -lm -Wl,--end-group
Finished building target: bomb_diffuser_project.elf
 
arm-none-eabi-size  bomb_diffuser_project.elf 
arm-none-eabi-objdump -h -S bomb_diffuser_project.elf  > "bomb_diffuser_project.list"
   text	   data	    bss	    dec	    hex	filename
   1228	     72	   1568	   2868	    b34	bomb_diffuser_project.elf
Finished building: default.size.stdout
 
Finished building: bomb_diffuser_project.list
 
18:59:34 **** Incremental Build of configuration Debug for project bomb_diffuser_project ****
make -j8 all 
arm-none-eabi-gcc "../Src/main.c" -mcpu=cortex-m4 -std=gnu11 -g3 -DDEBUG -DSTM32 -DSTM32F407G_DISC1 -DSTM32F4 -DSTM32F407VGTx -c -I../Inc -O0 -ffunction-sections -fdata-sections -Wall -fstack-usage -fcyclomatic-complexity -MMD -MP -MF"Src/main.d" -MT"Src/main.o" --specs=nano.specs -mfpu=fpv4-sp-d16 -mfloat-abi=hard -mthumb -o "Src/main.o"
arm-none-eabi-gcc -o "bomb_diffuser_project.elf" @"objects.list"   -mcpu=cortex-m4 -T"C:\Users\huray\dev\Embedded_Systems\projects\bomb_diffuser_project\STM32F407VGTX_FLASH.ld" --specs=nosys.specs -Wl,-Map="bomb_diffuser_project.map" -Wl,--gc-sections -static --specs=nano.specs -mfpu=fpv4-sp-d16 -mfloat-abi=hard -mthumb -Wl,--start-group -lc -lm -Wl,--end-group
Finished building target: bomb_diffuser_project.elf
 
arm-none-eabi-size  bomb_diffuser_project.elf 
arm-none-eabi-objdump -h -S bomb_diffuser_project.elf  > "bomb_diffuser_project.list"
   text	   data	    bss	    dec	    hex	filename
   1244	     72	   1568	   2884	    b44	bomb_diffuser_project.elf
Finished building: default.size.stdout
 
Finished building: bomb_diffuser_project.list
 
19:10:17 **** Incremental Build of configuration Debug for project bomb_diffuser_project ****
make -j8 all 
arm-none-eabi-gcc "../Src/main.c" -mcpu=cortex-m4 -std=gnu11 -g3 -DDEBUG -DSTM32 -DSTM32F407G_DISC1 -DSTM32F4 -DSTM32F407VGTx -c -I../Inc -O0 -ffunction-sections -fdata-sections -Wall -fstack-usage -fcyclomatic-complexity -MMD -MP -MF"Src/main.d" -MT"Src/main.o" --specs=nano.specs -mfpu=fpv4-sp-d16 -mfloat-abi=hard -mthumb -o "Src/main.o"
arm-none-eabi-gcc -o "bomb_diffuser_project.elf" @"objects.list"   -mcpu=cortex-m4 -T"C:\Users\huray\dev\Embedded_Systems\projects\bomb_diffuser_project\STM32F407VGTX_FLASH.ld" --specs=nosys.specs -Wl,-Map="bomb_diffuser_project.map" -Wl,--gc-sections -static --specs=nano.specs -mfpu=fpv4-sp-d16 -mfloat-abi=hard -mthumb -Wl,--start-group -lc -lm -Wl,--end-group
Finished building target: bomb_diffuser_project.elf
 
arm-none-eabi-size  bomb_diffuser_project.elf 
arm-none-eabi-objdump -h -S bomb_diffuser_project.elf  > "bomb_diffuser_project.list"
   text	   data	    bss	    dec	    hex	filename
   1256	     72	   1568	   2896	    b50	bomb_diffuser_project.elf
Finished building: default.size.stdout
 
Finished building: bomb_diffuser_project.list
 
19:11:01 **** Incremental Build of configuration Debug for project bomb_diffuser_project ****
make -j8 all 
arm-none-eabi-gcc "../Src/main.c" -mcpu=cortex-m4 -std=gnu11 -g3 -DDEBUG -DSTM32 -DSTM32F407G_DISC1 -DSTM32F4 -DSTM32F407VGTx -c -I../Inc -O0 -ffunction-sections -fdata-sections -Wall -fstack-usage -fcyclomatic-complexity -MMD -MP -MF"Src/main.d" -MT"Src/main.o" --specs=nano.specs -mfpu=fpv4-sp-d16 -mfloat-abi=hard -mthumb -o "Src/main.o"
arm-none-eabi-gcc -o "bomb_diffuser_project.elf" @"objects.list"   -mcpu=cortex-m4 -T"C:\Users\huray\dev\Embedded_Systems\projects\bomb_diffuser_project\STM32F407VGTX_FLASH.ld" --specs=nosys.specs -Wl,-Map="bomb_diffuser_project.map" -Wl,--gc-sections -static --specs=nano.specs -mfpu=fpv4-sp-d16 -mfloat-abi=hard -mthumb -Wl,--start-group -lc -lm -Wl,--end-group
Finished building target: bomb_diffuser_project.elf
 
arm-none-eabi-size  bomb_diffuser_project.elf 
arm-none-eabi-objdump -h -S bomb_diffuser_project.elf  > "bomb_diffuser_project.list"
   text	   data	    bss	    dec	    hex	filename
   1256	     72	   1568	   2896	    b50	bomb_diffuser_project.elf
Finished building: default.size.stdout
 
Finished building: bomb_diffuser_project.list
 
19:46:52 **** Incremental Build of configuration Debug for project bomb_diffuser_project ****
make -j8 all 
arm-none-eabi-gcc "../Src/main.c" -mcpu=cortex-m4 -std=gnu11 -g3 -DDEBUG -DSTM32 -DSTM32F407G_DISC1 -DSTM32F4 -DSTM32F407VGTx -c -I../Inc -O0 -ffunction-sections -fdata-sections -Wall -fstack-usage -fcyclomatic-complexity -MMD -MP -MF"Src/main.d" -MT"Src/main.o" --specs=nano.specs -mfpu=fpv4-sp-d16 -mfloat-abi=hard -mthumb -o "Src/main.o"
arm-none-eabi-gcc -o "bomb_diffuser_project.elf" @"objects.list"   -mcpu=cortex-m4 -T"C:\Users\huray\dev\Embedded_Systems\projects\bomb_diffuser_project\STM32F407VGTX_FLASH.ld" --specs=nosys.specs -Wl,-Map="bomb_diffuser_project.map" -Wl,--gc-sections -static --specs=nano.specs -mfpu=fpv4-sp-d16 -mfloat-abi=hard -mthumb -Wl,--start-group -lc -lm -Wl,--end-group
Finished building target: bomb_diffuser_project.elf
 
arm-none-eabi-size  bomb_diffuser_project.elf 
arm-none-eabi-objdump -h -S bomb_diffuser_project.elf  > "bomb_diffuser_project.list"
   text	   data	    bss	    dec	    hex	filename
   1312	     80	   1568	   2960	    b90	bomb_diffuser_project.elf
Finished building: default.size.stdout
 
Finished building: bomb_diffuser_project.list
 
20:14:34 **** Incremental Build of configuration Debug for project bomb_diffuser_project ****
make -j8 all 
arm-none-eabi-gcc "../Src/main.c" -mcpu=cortex-m4 -std=gnu11 -g3 -DDEBUG -DSTM32 -DSTM32F407G_DISC1 -DSTM32F4 -DSTM32F407VGTx -c -I../Inc -O0 -ffunction-sections -fdata-sections -Wall -fstack-usage -fcyclomatic-complexity -MMD -MP -MF"Src/main.d" -MT"Src/main.o" --specs=nano.specs -mfpu=fpv4-sp-d16 -mfloat-abi=hard -mthumb -o "Src/main.o"
arm-none-eabi-gcc -o "bomb_diffuser_project.elf" @"objects.list"   -mcpu=cortex-m4 -T"C:\Users\huray\dev\Embedded_Systems\projects\bomb_diffuser_project\STM32F407VGTX_FLASH.ld" --specs=nosys.specs -Wl,-Map="bomb_diffuser_project.map" -Wl,--gc-sections -static --specs=nano.specs -mfpu=fpv4-sp-d16 -mfloat-abi=hard -mthumb -Wl,--start-group -lc -lm -Wl,--end-group
Finished building target: bomb_diffuser_project.elf
 
arm-none-eabi-size  bomb_diffuser_project.elf 
arm-none-eabi-objdump -h -S bomb_diffuser_project.elf  > "bomb_diffuser_project.list"
   text	   data	    bss	    dec	    hex	filename
   1336	     84	   1572	   2992	    bb0	bomb_diffuser_project.elf
Finished building: default.size.stdout
 
Finished building: bomb_diffuser_project.list
 
20:16:02 **** Incremental Build of configuration Debug for project bomb_diffuser_project ****
make -j8 all 
arm-none-eabi-size  bomb_diffuser_project.elf 
   text	   data	    bss	    dec	    hex	filename
   1336	     84	   1572	   2992	    bb0	bomb_diffuser_project.elf
Finished building: default.size.stdout
 
20:17:00 **** Incremental Build of configuration Debug for project bomb_diffuser_project ****
make -j8 all 
arm-none-eabi-gcc "../Src/main.c" -mcpu=cortex-m4 -std=gnu11 -g3 -DDEBUG -DSTM32 -DSTM32F407G_DISC1 -DSTM32F4 -DSTM32F407VGTx -c -I../Inc -O0 -ffunction-sections -fdata-sections -Wall -fstack-usage -fcyclomatic-complexity -MMD -MP -MF"Src/main.d" -MT"Src/main.o" --specs=nano.specs -mfpu=fpv4-sp-d16 -mfloat-abi=hard -mthumb -o "Src/main.o"
arm-none-eabi-gcc -o "bomb_diffuser_project.elf" @"objects.list"   -mcpu=cortex-m4 -T"C:\Users\huray\dev\Embedded_Systems\projects\bomb_diffuser_project\STM32F407VGTX_FLASH.ld" --specs=nosys.specs -Wl,-Map="bomb_diffuser_project.map" -Wl,--gc-sections -static --specs=nano.specs -mfpu=fpv4-sp-d16 -mfloat-abi=hard -mthumb -Wl,--start-group -lc -lm -Wl,--end-group
Finished building target: bomb_diffuser_project.elf
 
arm-none-eabi-size  bomb_diffuser_project.elf 
arm-none-eabi-objdump -h -S bomb_diffuser_project.elf  > "bomb_diffuser_project.list"
   text	   data	    bss	    dec	    hex	filename
   1480	    100	   1572	   3152	    c50	bomb_diffuser_project.elf
Finished building: default.size.stdout
 
Finished building: bomb_diffuser_project.list
 
21:47:32 **** Incremental Build of configuration Debug for project bomb_diffuser_project ****
make -j8 all 
arm-none-eabi-gcc "../Src/main.c" -mcpu=cortex-m4 -std=gnu11 -g3 -DDEBUG -DSTM32 -DSTM32F407G_DISC1 -DSTM32F4 -DSTM32F407VGTx -c -I../Inc -O0 -ffunction-sections -fdata-sections -Wall -fstack-usage -fcyclomatic-complexity -MMD -MP -MF"Src/main.d" -MT"Src/main.o" --specs=nano.specs -mfpu=fpv4-sp-d16 -mfloat-abi=hard -mthumb -o "Src/main.o"
arm-none-eabi-gcc -o "bomb_diffuser_project.elf" @"objects.list"   -mcpu=cortex-m4 -T"C:\Users\huray\dev\Embedded_Systems\projects\bomb_diffuser_project\STM32F407VGTX_FLASH.ld" --specs=nosys.specs -Wl,-Map="bomb_diffuser_project.map" -Wl,--gc-sections -static --specs=nano.specs -mfpu=fpv4-sp-d16 -mfloat-abi=hard -mthumb -Wl,--start-group -lc -lm -Wl,--end-group
Finished building target: bomb_diffuser_project.elf
 
arm-none-eabi-size  bomb_diffuser_project.elf 
arm-none-eabi-objdump -h -S bomb_diffuser_project.elf  > "bomb_diffuser_project.list"
   text	   data	    bss	    dec	    hex	filename
   1600	    108	   1572	   3280	    cd0	bomb_diffuser_project.elf
Finished building: default.size.stdout
 
Finished building: bomb_diffuser_project.list
 
21:51:21 **** Incremental Build of configuration Debug for project bomb_diffuser_project ****
make -j8 all 
arm-none-eabi-gcc "../Src/main.c" -mcpu=cortex-m4 -std=gnu11 -g3 -DDEBUG -DSTM32 -DSTM32F407G_DISC1 -DSTM32F4 -DSTM32F407VGTx -c -I../Inc -O0 -ffunction-sections -fdata-sections -Wall -fstack-usage -fcyclomatic-complexity -MMD -MP -MF"Src/main.d" -MT"Src/main.o" --specs=nano.specs -mfpu=fpv4-sp-d16 -mfloat-abi=hard -mthumb -o "Src/main.o"
arm-none-eabi-gcc -o "bomb_diffuser_project.elf" @"objects.list"   -mcpu=cortex-m4 -T"C:\Users\huray\dev\Embedded_Systems\projects\bomb_diffuser_project\STM32F407VGTX_FLASH.ld" --specs=nosys.specs -Wl,-Map="bomb_diffuser_project.map" -Wl,--gc-sections -static --specs=nano.specs -mfpu=fpv4-sp-d16 -mfloat-abi=hard -mthumb -Wl,--start-group -lc -lm -Wl,--end-group
Finished building target: bomb_diffuser_project.elf
 
arm-none-eabi-size  bomb_diffuser_project.elf 
arm-none-eabi-objdump -h -S bomb_diffuser_project.elf  > "bomb_diffuser_project.list"
   text	   data	    bss	    dec	    hex	filename
   1728	    116	   1572	   3416	    d58	bomb_diffuser_project.elf
Finished building: default.size.stdout
 
Finished building: bomb_diffuser_project.list
 
16:42:27 **** Incremental Build of configuration Debug for project bomb_diffuser_project ****
make -j8 all 
arm-none-eabi-gcc "../Src/main.c" -mcpu=cortex-m4 -std=gnu11 -g3 -DDEBUG -DSTM32 -DSTM32F407G_DISC1 -DSTM32F4 -DSTM32F407VGTx -c -I../Inc -O0 -ffunction-sections -fdata-sections -Wall -fstack-usage -fcyclomatic-complexity -MMD -MP -MF"Src/main.d" -MT"Src/main.o" --specs=nano.specs -mfpu=fpv4-sp-d16 -mfloat-abi=hard -mthumb -o "Src/main.o"
arm-none-eabi-gcc -o "bomb_diffuser_project.elf" @"objects.list"   -mcpu=cortex-m4 -T"C:\Users\huray\dev\Embedded_Systems\projects\bomb_diffuser_project\STM32F407VGTX_FLASH.ld" --specs=nosys.specs -Wl,-Map="bomb_diffuser_project.map" -Wl,--gc-sections -static --specs=nano.specs -mfpu=fpv4-sp-d16 -mfloat-abi=hard -mthumb -Wl,--start-group -lc -lm -Wl,--end-group
Finished building target: bomb_diffuser_project.elf
 
arm-none-eabi-size  bomb_diffuser_project.elf 
arm-none-eabi-objdump -h -S bomb_diffuser_project.elf  > "bomb_diffuser_project.list"
   text	   data	    bss	    dec	    hex	filename
   1816	    116	   1572	   3504	    db0	bomb_diffuser_project.elf
Finished building: default.size.stdout
 
Finished building: bomb_diffuser_project.list
 
16:49:40 **** Incremental Build of configuration Debug for project bomb_diffuser_project ****
make -j8 all 
arm-none-eabi-gcc "../Src/main.c" -mcpu=cortex-m4 -std=gnu11 -g3 -DDEBUG -DSTM32 -DSTM32F407G_DISC1 -DSTM32F4 -DSTM32F407VGTx -c -I../Inc -O0 -ffunction-sections -fdata-sections -Wall -fstack-usage -fcyclomatic-complexity -MMD -MP -MF"Src/main.d" -MT"Src/main.o" --specs=nano.specs -mfpu=fpv4-sp-d16 -mfloat-abi=hard -mthumb -o "Src/main.o"
../Src/main.c: In function 'init_usart2':
../Src/main.c:297:9: warning: implicit declaration of function 'uart_send_string' [-Wimplicit-function-declaration]
  297 |         uart_send_string("\033[2J\033[H");
      |         ^~~~~~~~~~~~~~~~
../Src/main.c: At top level:
../Src/main.c:314:6: warning: conflicting types for 'uart_send_string'; have 'void(char *)'
  314 | void uart_send_string(char * string) {
      |      ^~~~~~~~~~~~~~~~
../Src/main.c:297:9: note: previous implicit declaration of 'uart_send_string' with type 'void(char *)'
  297 |         uart_send_string("\033[2J\033[H");
      |         ^~~~~~~~~~~~~~~~
arm-none-eabi-gcc -o "bomb_diffuser_project.elf" @"objects.list"   -mcpu=cortex-m4 -T"C:\Users\huray\dev\Embedded_Systems\projects\bomb_diffuser_project\STM32F407VGTX_FLASH.ld" --specs=nosys.specs -Wl,-Map="bomb_diffuser_project.map" -Wl,--gc-sections -static --specs=nano.specs -mfpu=fpv4-sp-d16 -mfloat-abi=hard -mthumb -Wl,--start-group -lc -lm -Wl,--end-group
Finished building target: bomb_diffuser_project.elf
 
arm-none-eabi-size  bomb_diffuser_project.elf 
arm-none-eabi-objdump -h -S bomb_diffuser_project.elf  > "bomb_diffuser_project.list"
   text	   data	    bss	    dec	    hex	filename
   1828	    116	   1572	   3516	    dbc	bomb_diffuser_project.elf
Finished building: default.size.stdout
 
Finished building: bomb_diffuser_project.list
 
14:08:58 **** Incremental Build of configuration Debug for project bomb_diffuser_project ****
make -j8 all 
arm-none-eabi-gcc "../Src/main.c" -mcpu=cortex-m4 -std=gnu11 -g3 -DDEBUG -DSTM32 -DSTM32F407G_DISC1 -DSTM32F4 -DSTM32F407VGTx -c -I../Inc -O0 -ffunction-sections -fdata-sections -Wall -fstack-usage -fcyclomatic-complexity -MMD -MP -MF"Src/main.d" -MT"Src/main.o" --specs=nano.specs -mfpu=fpv4-sp-d16 -mfloat-abi=hard -mthumb -o "Src/main.o"
../Src/main.c: In function 'init_usart2':
../Src/main.c:324:9: warning: implicit declaration of function 'uart_send_string' [-Wimplicit-function-declaration]
  324 |         uart_send_string("\033[2J\033[H");
      |         ^~~~~~~~~~~~~~~~
../Src/main.c: At top level:
../Src/main.c:363:6: warning: conflicting types for 'uart_send_string'; have 'void(char *)'
  363 | void uart_send_string(char * string) {
      |      ^~~~~~~~~~~~~~~~
../Src/main.c:324:9: note: previous implicit declaration of 'uart_send_string' with type 'void(char *)'
  324 |         uart_send_string("\033[2J\033[H");
      |         ^~~~~~~~~~~~~~~~
arm-none-eabi-gcc -o "bomb_diffuser_project.elf" @"objects.list"   -mcpu=cortex-m4 -T"C:\Users\huray\dev\Embedded_Systems\projects\bomb_diffuser_project\STM32F407VGTX_FLASH.ld" --specs=nosys.specs -Wl,-Map="bomb_diffuser_project.map" -Wl,--gc-sections -static --specs=nano.specs -mfpu=fpv4-sp-d16 -mfloat-abi=hard -mthumb -Wl,--start-group -lc -lm -Wl,--end-group
Finished building target: bomb_diffuser_project.elf
 
arm-none-eabi-size  bomb_diffuser_project.elf 
arm-none-eabi-objdump -h -S bomb_diffuser_project.elf  > "bomb_diffuser_project.list"
   text	   data	    bss	    dec	    hex	filename
   2004	    132	   1580	   3716	    e84	bomb_diffuser_project.elf
Finished building: default.size.stdout
 
Finished building: bomb_diffuser_project.list
 
14:10:31 **** Incremental Build of configuration Debug for project bomb_diffuser_project ****
make -j8 all 
arm-none-eabi-size  bomb_diffuser_project.elf 
   text	   data	    bss	    dec	    hex	filename
   2004	    132	   1580	   3716	    e84	bomb_diffuser_project.elf
Finished building: default.size.stdout
 
09:09:05 **** Build of configuration Debug for project air_quality_moniter ****
make -j8 all 
arm-none-eabi-gcc -mcpu=cortex-m4 -g3 -DDEBUG -c -x assembler-with-cpp -MMD -MP -MF"Startup/startup_stm32f407vgtx.d" -MT"Startup/startup_stm32f407vgtx.o" --specs=nano.specs -mfpu=fpv4-sp-d16 -mfloat-abi=hard -mthumb -o "Startup/startup_stm32f407vgtx.o" "../Startup/startup_stm32f407vgtx.s"
arm-none-eabi-gcc "../Src/main.c" -mcpu=cortex-m4 -std=gnu11 -g3 -DDEBUG -DSTM32 -DSTM32F407G_DISC1 -DSTM32F4 -DSTM32F407VGTx -c -I../Inc -O0 -ffunction-sections -fdata-sections -Wall -fstack-usage -fcyclomatic-complexity -MMD -MP -MF"Src/main.d" -MT"Src/main.o" --specs=nano.specs -mfpu=fpv4-sp-d16 -mfloat-abi=hard -mthumb -o "Src/main.o"
arm-none-eabi-gcc "../Src/syscalls.c" -mcpu=cortex-m4 -std=gnu11 -g3 -DDEBUG -DSTM32 -DSTM32F407G_DISC1 -DSTM32F4 -DSTM32F407VGTx -c -I../Inc -O0 -ffunction-sections -fdata-sections -Wall -fstack-usage -fcyclomatic-complexity -MMD -MP -MF"Src/syscalls.d" -MT"Src/syscalls.o" --specs=nano.specs -mfpu=fpv4-sp-d16 -mfloat-abi=hard -mthumb -o "Src/syscalls.o"
arm-none-eabi-gcc "../Src/sysmem.c" -mcpu=cortex-m4 -std=gnu11 -g3 -DDEBUG -DSTM32 -DSTM32F407G_DISC1 -DSTM32F4 -DSTM32F407VGTx -c -I../Inc -O0 -ffunction-sections -fdata-sections -Wall -fstack-usage -fcyclomatic-complexity -MMD -MP -MF"Src/sysmem.d" -MT"Src/sysmem.o" --specs=nano.specs -mfpu=fpv4-sp-d16 -mfloat-abi=hard -mthumb -o "Src/sysmem.o"
arm-none-eabi-gcc "../Src/usart2.c" -mcpu=cortex-m4 -std=gnu11 -g3 -DDEBUG -DSTM32 -DSTM32F407G_DISC1 -DSTM32F4 -DSTM32F407VGTx -c -I../Inc -O0 -ffunction-sections -fdata-sections -Wall -fstack-usage -fcyclomatic-complexity -MMD -MP -MF"Src/usart2.d" -MT"Src/usart2.o" --specs=nano.specs -mfpu=fpv4-sp-d16 -mfloat-abi=hard -mthumb -o "Src/usart2.o"
../Src/main.c:22:4: warning: #warning "FPU is not initialized, but the project is compiling for an FPU. Please initialize the FPU before use." [-Wcpp]
   22 |   #warning "FPU is not initialized, but the project is compiling for an FPU. Please initialize the FPU before use."
      |    ^~~~~~~
arm-none-eabi-gcc -o "air_quality_moniter.elf" @"objects.list"   -mcpu=cortex-m4 -T"C:\Users\huray\dev\Embedded_Systems\projects\air_quality_moniter\STM32F407VGTX_FLASH.ld" --specs=nosys.specs -Wl,-Map="air_quality_moniter.map" -Wl,--gc-sections -static --specs=nano.specs -mfpu=fpv4-sp-d16 -mfloat-abi=hard -mthumb -Wl,--start-group -lc -lm -Wl,--end-group
Finished building target: air_quality_moniter.elf
 
arm-none-eabi-size  air_quality_moniter.elf 
arm-none-eabi-objdump -h -S air_quality_moniter.elf  > "air_quality_moniter.list"
   text	   data	    bss	    dec	    hex	filename
    652	      0	   1568	   2220	    8ac	air_quality_moniter.elf
Finished building: default.size.stdout
 
Finished building: air_quality_moniter.list
 
09:09:43 **** Incremental Build of configuration Debug for project air_quality_moniter ****
make -j8 all 
arm-none-eabi-gcc "../Src/main.c" -mcpu=cortex-m4 -std=gnu11 -g3 -DDEBUG -DSTM32 -DSTM32F407G_DISC1 -DSTM32F4 -DSTM32F407VGTx -c -I../Inc -O0 -ffunction-sections -fdata-sections -Wall -fstack-usage -fcyclomatic-complexity -MMD -MP -MF"Src/main.d" -MT"Src/main.o" --specs=nano.specs -mfpu=fpv4-sp-d16 -mfloat-abi=hard -mthumb -o "Src/main.o"
arm-none-eabi-gcc "../Src/usart2.c" -mcpu=cortex-m4 -std=gnu11 -g3 -DDEBUG -DSTM32 -DSTM32F407G_DISC1 -DSTM32F4 -DSTM32F407VGTx -c -I../Inc -O0 -ffunction-sections -fdata-sections -Wall -fstack-usage -fcyclomatic-complexity -MMD -MP -MF"Src/usart2.d" -MT"Src/usart2.o" --specs=nano.specs -mfpu=fpv4-sp-d16 -mfloat-abi=hard -mthumb -o "Src/usart2.o"
../Src/usart2.c: In function 'usart2_init':
../Src/usart2.c:20:9: error: 'USART2' undeclared (first use in this function); did you mean 'USART2_H'?
   20 |         USART2->BRR = 0x008B;
      |         ^~~~~~
      |         USART2_H
../Src/usart2.c:20:9: note: each undeclared identifier is reported only once for each function it appears in
../Src/usart2.c: In function 'usart2_send_byte':
../Src/usart2.c:40:14: error: 'USART2' undeclared (first use in this function); did you mean 'USART2_H'?
   40 |     while (!(USART2->SR & (1 << 7)))
      |              ^~~~~~
      |              USART2_H
make: *** [Src/subdir.mk:28: Src/usart2.o] Error 1
make: *** Waiting for unfinished jobs....
"make -j8 all" terminated with exit code 2. Build might be incomplete.
09:12:12 **** Incremental Build of configuration Debug for project air_quality_moniter ****
make -j8 all 
arm-none-eabi-gcc "../Src/main.c" -mcpu=cortex-m4 -std=gnu11 -g3 -DDEBUG -DSTM32 -DSTM32F407G_DISC1 -DSTM32F4 -DSTM32F407VGTx -c -I../Inc -O0 -ffunction-sections -fdata-sections -Wall -fstack-usage -fcyclomatic-complexity -MMD -MP -MF"Src/main.d" -MT"Src/main.o" --specs=nano.specs -mfpu=fpv4-sp-d16 -mfloat-abi=hard -mthumb -o "Src/main.o"
arm-none-eabi-gcc "../Src/usart2.c" -mcpu=cortex-m4 -std=gnu11 -g3 -DDEBUG -DSTM32 -DSTM32F407G_DISC1 -DSTM32F4 -DSTM32F407VGTx -c -I../Inc -O0 -ffunction-sections -fdata-sections -Wall -fstack-usage -fcyclomatic-complexity -MMD -MP -MF"Src/usart2.d" -MT"Src/usart2.o" --specs=nano.specs -mfpu=fpv4-sp-d16 -mfloat-abi=hard -mthumb -o "Src/usart2.o"
arm-none-eabi-gcc -o "air_quality_moniter.elf" @"objects.list"   -mcpu=cortex-m4 -T"C:\Users\huray\dev\Embedded_Systems\projects\air_quality_moniter\STM32F407VGTX_FLASH.ld" --specs=nosys.specs -Wl,-Map="air_quality_moniter.map" -Wl,--gc-sections -static --specs=nano.specs -mfpu=fpv4-sp-d16 -mfloat-abi=hard -mthumb -Wl,--start-group -lc -lm -Wl,--end-group
Finished building target: air_quality_moniter.elf
 
arm-none-eabi-size  air_quality_moniter.elf 
arm-none-eabi-objdump -h -S air_quality_moniter.elf  > "air_quality_moniter.list"
   text	   data	    bss	    dec	    hex	filename
    924	      0	   1568	   2492	    9bc	air_quality_moniter.elf
Finished building: default.size.stdout
 
Finished building: air_quality_moniter.list
 
07:54:53 **** Build of configuration Debug for project air_quality_moniter ****
make -j8 all 
arm-none-eabi-gcc "../Src/bme280.c" -mcpu=cortex-m4 -std=gnu11 -g3 -DDEBUG -DSTM32 -DSTM32F407G_DISC1 -DSTM32F4 -DSTM32F407VGTx -c -I../Inc -O0 -ffunction-sections -fdata-sections -Wall -fstack-usage -fcyclomatic-complexity -MMD -MP -MF"Src/bme280.d" -MT"Src/bme280.o" --specs=nano.specs -mfpu=fpv4-sp-d16 -mfloat-abi=hard -mthumb -o "Src/bme280.o"
arm-none-eabi-gcc "../Src/main.c" -mcpu=cortex-m4 -std=gnu11 -g3 -DDEBUG -DSTM32 -DSTM32F407G_DISC1 -DSTM32F4 -DSTM32F407VGTx -c -I../Inc -O0 -ffunction-sections -fdata-sections -Wall -fstack-usage -fcyclomatic-complexity -MMD -MP -MF"Src/main.d" -MT"Src/main.o" --specs=nano.specs -mfpu=fpv4-sp-d16 -mfloat-abi=hard -mthumb -o "Src/main.o"
arm-none-eabi-gcc "../Src/spi2.c" -mcpu=cortex-m4 -std=gnu11 -g3 -DDEBUG -DSTM32 -DSTM32F407G_DISC1 -DSTM32F4 -DSTM32F407VGTx -c -I../Inc -O0 -ffunction-sections -fdata-sections -Wall -fstack-usage -fcyclomatic-complexity -MMD -MP -MF"Src/spi2.d" -MT"Src/spi2.o" --specs=nano.specs -mfpu=fpv4-sp-d16 -mfloat-abi=hard -mthumb -o "Src/spi2.o"
arm-none-eabi-gcc "../Src/syscalls.c" -mcpu=cortex-m4 -std=gnu11 -g3 -DDEBUG -DSTM32 -DSTM32F407G_DISC1 -DSTM32F4 -DSTM32F407VGTx -c -I../Inc -O0 -ffunction-sections -fdata-sections -Wall -fstack-usage -fcyclomatic-complexity -MMD -MP -MF"Src/syscalls.d" -MT"Src/syscalls.o" --specs=nano.specs -mfpu=fpv4-sp-d16 -mfloat-abi=hard -mthumb -o "Src/syscalls.o"
arm-none-eabi-gcc "../Src/sysmem.c" -mcpu=cortex-m4 -std=gnu11 -g3 -DDEBUG -DSTM32 -DSTM32F407G_DISC1 -DSTM32F4 -DSTM32F407VGTx -c -I../Inc -O0 -ffunction-sections -fdata-sections -Wall -fstack-usage -fcyclomatic-complexity -MMD -MP -MF"Src/sysmem.d" -MT"Src/sysmem.o" --specs=nano.specs -mfpu=fpv4-sp-d16 -mfloat-abi=hard -mthumb -o "Src/sysmem.o"
arm-none-eabi-gcc "../Src/usart2.c" -mcpu=cortex-m4 -std=gnu11 -g3 -DDEBUG -DSTM32 -DSTM32F407G_DISC1 -DSTM32F4 -DSTM32F407VGTx -c -I../Inc -O0 -ffunction-sections -fdata-sections -Wall -fstack-usage -fcyclomatic-complexity -MMD -MP -MF"Src/usart2.d" -MT"Src/usart2.o" --specs=nano.specs -mfpu=fpv4-sp-d16 -mfloat-abi=hard -mthumb -o "Src/usart2.o"
arm-none-eabi-gcc -o "air_quality_moniter.elf" @"objects.list"   -mcpu=cortex-m4 -T"C:\Users\huray\dev\Embedded_Systems\projects\air_quality_moniter\STM32F407VGTX_FLASH.ld" --specs=nosys.specs -Wl,-Map="air_quality_moniter.map" -Wl,--gc-sections -static --specs=nano.specs -mfpu=fpv4-sp-d16 -mfloat-abi=hard -mthumb -Wl,--start-group -lc -lm -Wl,--end-group
Finished building target: air_quality_moniter.elf
 
arm-none-eabi-size  air_quality_moniter.elf 
arm-none-eabi-objdump -h -S air_quality_moniter.elf  > "air_quality_moniter.list"
   text	   data	    bss	    dec	    hex	filename
    964	      0	   1568	   2532	    9e4	air_quality_moniter.elf
Finished building: default.size.stdout
 
Finished building: air_quality_moniter.list
 
07:56:37 **** Incremental Build of configuration Debug for project air_quality_moniter ****
make -j8 all 
arm-none-eabi-gcc "../Src/main.c" -mcpu=cortex-m4 -std=gnu11 -g3 -DDEBUG -DSTM32 -DSTM32F407G_DISC1 -DSTM32F4 -DSTM32F407VGTx -c -I../Inc -O0 -ffunction-sections -fdata-sections -Wall -fstack-usage -fcyclomatic-complexity -MMD -MP -MF"Src/main.d" -MT"Src/main.o" --specs=nano.specs -mfpu=fpv4-sp-d16 -mfloat-abi=hard -mthumb -o "Src/main.o"
arm-none-eabi-gcc -o "air_quality_moniter.elf" @"objects.list"   -mcpu=cortex-m4 -T"C:\Users\huray\dev\Embedded_Systems\projects\air_quality_moniter\STM32F407VGTX_FLASH.ld" --specs=nosys.specs -Wl,-Map="air_quality_moniter.map" -Wl,--gc-sections -static --specs=nano.specs -mfpu=fpv4-sp-d16 -mfloat-abi=hard -mthumb -Wl,--start-group -lc -lm -Wl,--end-group
Finished building target: air_quality_moniter.elf
 
arm-none-eabi-size  air_quality_moniter.elf 
arm-none-eabi-objdump -h -S air_quality_moniter.elf  > "air_quality_moniter.list"
   text	   data	    bss	    dec	    hex	filename
   1512	      0	   1568	   3080	    c08	air_quality_moniter.elf
Finished building: default.size.stdout
 
Finished building: air_quality_moniter.list
 
21:22:48 **** Incremental Build of configuration Debug for project air_quality_moniter ****
make -j8 all 
arm-none-eabi-gcc "../Src/bme280.c" -mcpu=cortex-m4 -std=gnu11 -g3 -DDEBUG -DSTM32 -DSTM32F407G_DISC1 -DSTM32F4 -DSTM32F407VGTx -c -I../Inc -O0 -ffunction-sections -fdata-sections -Wall -fstack-usage -fcyclomatic-complexity -MMD -MP -MF"Src/bme280.d" -MT"Src/bme280.o" --specs=nano.specs -mfpu=fpv4-sp-d16 -mfloat-abi=hard -mthumb -o "Src/bme280.o"
arm-none-eabi-gcc "../Src/main.c" -mcpu=cortex-m4 -std=gnu11 -g3 -DDEBUG -DSTM32 -DSTM32F407G_DISC1 -DSTM32F4 -DSTM32F407VGTx -c -I../Inc -O0 -ffunction-sections -fdata-sections -Wall -fstack-usage -fcyclomatic-complexity -MMD -MP -MF"Src/main.d" -MT"Src/main.o" --specs=nano.specs -mfpu=fpv4-sp-d16 -mfloat-abi=hard -mthumb -o "Src/main.o"
arm-none-eabi-gcc "../Src/spi2.c" -mcpu=cortex-m4 -std=gnu11 -g3 -DDEBUG -DSTM32 -DSTM32F407G_DISC1 -DSTM32F4 -DSTM32F407VGTx -c -I../Inc -O0 -ffunction-sections -fdata-sections -Wall -fstack-usage -fcyclomatic-complexity -MMD -MP -MF"Src/spi2.d" -MT"Src/spi2.o" --specs=nano.specs -mfpu=fpv4-sp-d16 -mfloat-abi=hard -mthumb -o "Src/spi2.o"
arm-none-eabi-gcc "../Src/usart2.c" -mcpu=cortex-m4 -std=gnu11 -g3 -DDEBUG -DSTM32 -DSTM32F407G_DISC1 -DSTM32F4 -DSTM32F407VGTx -c -I../Inc -O0 -ffunction-sections -fdata-sections -Wall -fstack-usage -fcyclomatic-complexity -MMD -MP -MF"Src/usart2.d" -MT"Src/usart2.o" --specs=nano.specs -mfpu=fpv4-sp-d16 -mfloat-abi=hard -mthumb -o "Src/usart2.o"
../Src/bme280.c:50:16: warning: 't_fine' defined but not used [-Wunused-variable]
   50 | static int32_t t_fine;
      |                ^~~~~~
arm-none-eabi-gcc -o "air_quality_moniter.elf" @"objects.list"   -mcpu=cortex-m4 -T"C:\Users\huray\dev\Embedded_Systems\projects\air_quality_moniter\STM32F407VGTX_FLASH.ld" --specs=nosys.specs -Wl,-Map="air_quality_moniter.map" -Wl,--gc-sections -static --specs=nano.specs -mfpu=fpv4-sp-d16 -mfloat-abi=hard -mthumb -Wl,--start-group -lc -lm -Wl,--end-group
Finished building target: air_quality_moniter.elf
 
arm-none-eabi-size  air_quality_moniter.elf 
arm-none-eabi-objdump -h -S air_quality_moniter.elf  > "air_quality_moniter.list"
   text	   data	    bss	    dec	    hex	filename
   3060	      0	   1600	   4660	   1234	air_quality_moniter.elf
Finished building: default.size.stdout
 
Finished building: air_quality_moniter.list
 
16:04:32 **** Incremental Build of configuration Debug for project air_quality_moniter ****
make -j8 all 
arm-none-eabi-gcc "../Src/bme280.c" -mcpu=cortex-m4 -std=gnu11 -g3 -DDEBUG -DSTM32 -DSTM32F407G_DISC1 -DSTM32F4 -DSTM32F407VGTx -c -I../Inc -O0 -ffunction-sections -fdata-sections -Wall -fstack-usage -fcyclomatic-complexity -MMD -MP -MF"Src/bme280.d" -MT"Src/bme280.o" --specs=nano.specs -mfpu=fpv4-sp-d16 -mfloat-abi=hard -mthumb -o "Src/bme280.o"
arm-none-eabi-gcc "../Src/main.c" -mcpu=cortex-m4 -std=gnu11 -g3 -DDEBUG -DSTM32 -DSTM32F407G_DISC1 -DSTM32F4 -DSTM32F407VGTx -c -I../Inc -O0 -ffunction-sections -fdata-sections -Wall -fstack-usage -fcyclomatic-complexity -MMD -MP -MF"Src/main.d" -MT"Src/main.o" --specs=nano.specs -mfpu=fpv4-sp-d16 -mfloat-abi=hard -mthumb -o "Src/main.o"
arm-none-eabi-gcc "../Src/spi2.c" -mcpu=cortex-m4 -std=gnu11 -g3 -DDEBUG -DSTM32 -DSTM32F407G_DISC1 -DSTM32F4 -DSTM32F407VGTx -c -I../Inc -O0 -ffunction-sections -fdata-sections -Wall -fstack-usage -fcyclomatic-complexity -MMD -MP -MF"Src/spi2.d" -MT"Src/spi2.o" --specs=nano.specs -mfpu=fpv4-sp-d16 -mfloat-abi=hard -mthumb -o "Src/spi2.o"
../Src/bme280.c:50:16: warning: 't_fine' defined but not used [-Wunused-variable]
   50 | static int32_t t_fine;
      |                ^~~~~~
arm-none-eabi-gcc -o "air_quality_moniter.elf" @"objects.list"   -mcpu=cortex-m4 -T"C:\Users\huray\dev\Embedded_Systems\projects\air_quality_moniter\STM32F407VGTX_FLASH.ld" --specs=nosys.specs -Wl,-Map="air_quality_moniter.map" -Wl,--gc-sections -static --specs=nano.specs -mfpu=fpv4-sp-d16 -mfloat-abi=hard -mthumb -Wl,--start-group -lc -lm -Wl,--end-group
Finished building target: air_quality_moniter.elf
 
arm-none-eabi-size  air_quality_moniter.elf 
arm-none-eabi-objdump -h -S air_quality_moniter.elf  > "air_quality_moniter.list"
   text	   data	    bss	    dec	    hex	filename
   3588	      0	   1600	   5188	   1444	air_quality_moniter.elf
Finished building: default.size.stdout
 
Finished building: air_quality_moniter.list
 
16:05:30 **** Incremental Build of configuration Debug for project air_quality_moniter ****
make -j8 all 
arm-none-eabi-gcc "../Src/main.c" -mcpu=cortex-m4 -std=gnu11 -g3 -DDEBUG -DSTM32 -DSTM32F407G_DISC1 -DSTM32F4 -DSTM32F407VGTx -c -I../Inc -O0 -ffunction-sections -fdata-sections -Wall -fstack-usage -fcyclomatic-complexity -MMD -MP -MF"Src/main.d" -MT"Src/main.o" --specs=nano.specs -mfpu=fpv4-sp-d16 -mfloat-abi=hard -mthumb -o "Src/main.o"
arm-none-eabi-gcc -o "air_quality_moniter.elf" @"objects.list"   -mcpu=cortex-m4 -T"C:\Users\huray\dev\Embedded_Systems\projects\air_quality_moniter\STM32F407VGTX_FLASH.ld" --specs=nosys.specs -Wl,-Map="air_quality_moniter.map" -Wl,--gc-sections -static --specs=nano.specs -mfpu=fpv4-sp-d16 -mfloat-abi=hard -mthumb -Wl,--start-group -lc -lm -Wl,--end-group
Finished building target: air_quality_moniter.elf
 
arm-none-eabi-size  air_quality_moniter.elf 
arm-none-eabi-objdump -h -S air_quality_moniter.elf  > "air_quality_moniter.list"
   text	   data	    bss	    dec	    hex	filename
   3608	      0	   1600	   5208	   1458	air_quality_moniter.elf
Finished building: default.size.stdout
 
Finished building: air_quality_moniter.list
 
16:06:00 **** Incremental Build of configuration Debug for project air_quality_moniter ****
make -j8 all 
arm-none-eabi-gcc "../Src/main.c" -mcpu=cortex-m4 -std=gnu11 -g3 -DDEBUG -DSTM32 -DSTM32F407G_DISC1 -DSTM32F4 -DSTM32F407VGTx -c -I../Inc -O0 -ffunction-sections -fdata-sections -Wall -fstack-usage -fcyclomatic-complexity -MMD -MP -MF"Src/main.d" -MT"Src/main.o" --specs=nano.specs -mfpu=fpv4-sp-d16 -mfloat-abi=hard -mthumb -o "Src/main.o"
arm-none-eabi-gcc -o "air_quality_moniter.elf" @"objects.list"   -mcpu=cortex-m4 -T"C:\Users\huray\dev\Embedded_Systems\projects\air_quality_moniter\STM32F407VGTX_FLASH.ld" --specs=nosys.specs -Wl,-Map="air_quality_moniter.map" -Wl,--gc-sections -static --specs=nano.specs -mfpu=fpv4-sp-d16 -mfloat-abi=hard -mthumb -Wl,--start-group -lc -lm -Wl,--end-group
Finished building target: air_quality_moniter.elf
 
arm-none-eabi-size  air_quality_moniter.elf 
arm-none-eabi-objdump -h -S air_quality_moniter.elf  > "air_quality_moniter.list"
   text	   data	    bss	    dec	    hex	filename
   3588	      0	   1600	   5188	   1444	air_quality_moniter.elf
Finished building: default.size.stdout
 
Finished building: air_quality_moniter.list
 
12:33:31 **** Incremental Build of configuration Debug for project air_quality_moniter ****
make -j8 all 
arm-none-eabi-gcc "../Src/bme280.c" -mcpu=cortex-m4 -std=gnu11 -g3 -DDEBUG -DSTM32 -DSTM32F407G_DISC1 -DSTM32F4 -DSTM32F407VGTx -c -I../Inc -O0 -ffunction-sections -fdata-sections -Wall -fstack-usage -fcyclomatic-complexity -MMD -MP -MF"Src/bme280.d" -MT"Src/bme280.o" --specs=nano.specs -mfpu=fpv4-sp-d16 -mfloat-abi=hard -mthumb -o "Src/bme280.o"
arm-none-eabi-gcc "../Src/main.c" -mcpu=cortex-m4 -std=gnu11 -g3 -DDEBUG -DSTM32 -DSTM32F407G_DISC1 -DSTM32F4 -DSTM32F407VGTx -c -I../Inc -O0 -ffunction-sections -fdata-sections -Wall -fstack-usage -fcyclomatic-complexity -MMD -MP -MF"Src/main.d" -MT"Src/main.o" --specs=nano.specs -mfpu=fpv4-sp-d16 -mfloat-abi=hard -mthumb -o "Src/main.o"
arm-none-eabi-gcc "../Src/usart2.c" -mcpu=cortex-m4 -std=gnu11 -g3 -DDEBUG -DSTM32 -DSTM32F407G_DISC1 -DSTM32F4 -DSTM32F407VGTx -c -I../Inc -O0 -ffunction-sections -fdata-sections -Wall -fstack-usage -fcyclomatic-complexity -MMD -MP -MF"Src/usart2.d" -MT"Src/usart2.o" --specs=nano.specs -mfpu=fpv4-sp-d16 -mfloat-abi=hard -mthumb -o "Src/usart2.o"
../Src/bme280.c:88:8: error: unknown type name 'bool'
   88 | static bool bme280_verify_id(void);
      |        ^~~~
../Src/bme280.c:89:8: error: unknown type name 'bool'
   89 | static bool bme280_read_calibration(void);
      |        ^~~~
../Src/bme280.c:90:8: error: unknown type name 'bool'
   90 | static bool bme280_configure(void);
      |        ^~~~
../Src/bme280.c:223:8: error: unknown type name 'bool'
  223 | static bool bme280_verify_id(void) {
      |        ^~~~
../Src/bme280.c:273:8: error: unknown type name 'bool'
  273 | static bool bme280_read_calibration(void) {
      |        ^~~~
../Src/bme280.c: In function 'bme280_read_calibration':
../Src/bme280.c:335:24: error: 'false' undeclared (first use in this function)
  335 |                 return false;
      |                        ^~~~~
../Src/bme280.c:5:1: note: 'false' is defined in header '<stdbool.h>'; did you forget to '#include <stdbool.h>'?
    4 | #include "usart2.h"
  +++ |+#include <stdbool.h>
    5 | 
../Src/bme280.c:335:24: note: each undeclared identifier is reported only once for each function it appears in
  335 |                 return false;
      |                        ^~~~~
../Src/bme280.c:338:16: error: 'true' undeclared (first use in this function)
  338 |         return true;
      |                ^~~~
../Src/bme280.c:338:16: note: 'true' is defined in header '<stdbool.h>'; did you forget to '#include <stdbool.h>'?
../Src/bme280.c: At top level:
../Src/bme280.c:375:8: error: unknown type name 'bool'
  375 | static bool bme280_configure(void) {
      |        ^~~~
../Src/bme280.c: In function 'bme280_configure':
../Src/bme280.c:394:24: error: 'false' undeclared (first use in this function)
  394 |                 return false;
      |                        ^~~~~
../Src/bme280.c:394:24: note: 'false' is defined in header '<stdbool.h>'; did you forget to '#include <stdbool.h>'?
../Src/bme280.c:407:16: error: 'true' undeclared (first use in this function)
  407 |         return true;
      |                ^~~~
../Src/bme280.c:407:16: note: 'true' is defined in header '<stdbool.h>'; did you forget to '#include <stdbool.h>'?
../Src/bme280.c: In function 'bme280_read_calibration':
../Src/bme280.c:339:1: warning: control reaches end of non-void function [-Wreturn-type]
  339 | }
      | ^
../Src/bme280.c: In function 'bme280_configure':
../Src/bme280.c:408:1: warning: control reaches end of non-void function [-Wreturn-type]
  408 | }
      | ^
make: *** [Src/subdir.mk:34: Src/bme280.o] Error 1
make: *** Waiting for unfinished jobs....
"make -j8 all" terminated with exit code 2. Build might be incomplete.
12:34:43 **** Incremental Build of configuration Debug for project air_quality_moniter ****
make -j8 all 
arm-none-eabi-gcc "../Src/bme280.c" -mcpu=cortex-m4 -std=gnu11 -g3 -DDEBUG -DSTM32 -DSTM32F407G_DISC1 -DSTM32F4 -DSTM32F407VGTx -c -I../Inc -O0 -ffunction-sections -fdata-sections -Wall -fstack-usage -fcyclomatic-complexity -MMD -MP -MF"Src/bme280.d" -MT"Src/bme280.o" --specs=nano.specs -mfpu=fpv4-sp-d16 -mfloat-abi=hard -mthumb -o "Src/bme280.o"
arm-none-eabi-gcc -o "air_quality_moniter.elf" @"objects.list"   -mcpu=cortex-m4 -T"C:\Users\huray\dev\Embedded_Systems\projects\air_quality_moniter\STM32F407VGTX_FLASH.ld" --specs=nosys.specs -Wl,-Map="air_quality_moniter.map" -Wl,--gc-sections -static --specs=nano.specs -mfpu=fpv4-sp-d16 -mfloat-abi=hard -mthumb -Wl,--start-group -lc -lm -Wl,--end-group
Finished building target: air_quality_moniter.elf
 
arm-none-eabi-size  air_quality_moniter.elf 
arm-none-eabi-objdump -h -S air_quality_moniter.elf  > "air_quality_moniter.list"
   text	   data	    bss	    dec	    hex	filename
   6928	      0	   1608	   8536	   2158	air_quality_moniter.elf
Finished building: default.size.stdout
 
Finished building: air_quality_moniter.list
 
12:40:25 **** Incremental Build of configuration Debug for project air_quality_moniter ****
make -j8 all 
arm-none-eabi-gcc "../Src/bme280.c" -mcpu=cortex-m4 -std=gnu11 -g3 -DDEBUG -DSTM32 -DSTM32F407G_DISC1 -DSTM32F4 -DSTM32F407VGTx -c -I../Inc -O0 -ffunction-sections -fdata-sections -Wall -fstack-usage -fcyclomatic-complexity -MMD -MP -MF"Src/bme280.d" -MT"Src/bme280.o" --specs=nano.specs -mfpu=fpv4-sp-d16 -mfloat-abi=hard -mthumb -o "Src/bme280.o"
arm-none-eabi-gcc "../Src/main.c" -mcpu=cortex-m4 -std=gnu11 -g3 -DDEBUG -DSTM32 -DSTM32F407G_DISC1 -DSTM32F4 -DSTM32F407VGTx -c -I../Inc -O0 -ffunction-sections -fdata-sections -Wall -fstack-usage -fcyclomatic-complexity -MMD -MP -MF"Src/main.d" -MT"Src/main.o" --specs=nano.specs -mfpu=fpv4-sp-d16 -mfloat-abi=hard -mthumb -o "Src/main.o"
arm-none-eabi-gcc -o "air_quality_moniter.elf" @"objects.list"   -mcpu=cortex-m4 -T"C:\Users\huray\dev\Embedded_Systems\projects\air_quality_moniter\STM32F407VGTX_FLASH.ld" --specs=nosys.specs -Wl,-Map="air_quality_moniter.map" -Wl,--gc-sections -static --specs=nano.specs -mfpu=fpv4-sp-d16 -mfloat-abi=hard -mthumb -Wl,--start-group -lc -lm -Wl,--end-group
Finished building target: air_quality_moniter.elf
 
arm-none-eabi-size  air_quality_moniter.elf 
arm-none-eabi-objdump -h -S air_quality_moniter.elf  > "air_quality_moniter.list"
   text	   data	    bss	    dec	    hex	filename
   6004	      0	   1608	   7612	   1dbc	air_quality_moniter.elf
Finished building: default.size.stdout
 
Finished building: air_quality_moniter.list
 
18:49:11 **** Incremental Build of configuration Debug for project air_quality_moniter ****
make -j8 all 
arm-none-eabi-gcc "../Src/bme280.c" -mcpu=cortex-m4 -std=gnu11 -g3 -DDEBUG -DSTM32 -DSTM32F407G_DISC1 -DSTM32F4 -DSTM32F407VGTx -c -I../Inc -O0 -ffunction-sections -fdata-sections -Wall -fstack-usage -fcyclomatic-complexity -MMD -MP -MF"Src/bme280.d" -MT"Src/bme280.o" --specs=nano.specs -mfpu=fpv4-sp-d16 -mfloat-abi=hard -mthumb -o "Src/bme280.o"
arm-none-eabi-gcc "../Src/main.c" -mcpu=cortex-m4 -std=gnu11 -g3 -DDEBUG -DSTM32 -DSTM32F407G_DISC1 -DSTM32F4 -DSTM32F407VGTx -c -I../Inc -O0 -ffunction-sections -fdata-sections -Wall -fstack-usage -fcyclomatic-complexity -MMD -MP -MF"Src/main.d" -MT"Src/main.o" --specs=nano.specs -mfpu=fpv4-sp-d16 -mfloat-abi=hard -mthumb -o "Src/main.o"
arm-none-eabi-gcc -o "air_quality_moniter.elf" @"objects.list"   -mcpu=cortex-m4 -T"C:\Users\huray\dev\Embedded_Systems\projects\air_quality_moniter\STM32F407VGTX_FLASH.ld" --specs=nosys.specs -Wl,-Map="air_quality_moniter.map" -Wl,--gc-sections -static --specs=nano.specs -mfpu=fpv4-sp-d16 -mfloat-abi=hard -mthumb -Wl,--start-group -lc -lm -Wl,--end-group
Finished building target: air_quality_moniter.elf
 
arm-none-eabi-size  air_quality_moniter.elf 
arm-none-eabi-objdump -h -S air_quality_moniter.elf  > "air_quality_moniter.list"
   text	   data	    bss	    dec	    hex	filename
   6004	      0	   1608	   7612	   1dbc	air_quality_moniter.elf
Finished building: default.size.stdout
 
Finished building: air_quality_moniter.list
 
10:41:37 **** Build of configuration Debug for project air_quality_moniter ****
make -j8 all 
arm-none-eabi-gcc "../Src/main.c" -mcpu=cortex-m4 -std=gnu11 -g3 -DDEBUG -DSTM32 -DSTM32F407G_DISC1 -DSTM32F4 -DSTM32F407VGTx -c -I../Inc -O0 -ffunction-sections -fdata-sections -Wall -fstack-usage -fcyclomatic-complexity -MMD -MP -MF"Src/main.d" -MT"Src/main.o" --specs=nano.specs -mfpu=fpv4-sp-d16 -mfloat-abi=hard -mthumb -o "Src/main.o"
arm-none-eabi-gcc "../Src/spi2.c" -mcpu=cortex-m4 -std=gnu11 -g3 -DDEBUG -DSTM32 -DSTM32F407G_DISC1 -DSTM32F4 -DSTM32F407VGTx -c -I../Inc -O0 -ffunction-sections -fdata-sections -Wall -fstack-usage -fcyclomatic-complexity -MMD -MP -MF"Src/spi2.d" -MT"Src/spi2.o" --specs=nano.specs -mfpu=fpv4-sp-d16 -mfloat-abi=hard -mthumb -o "Src/spi2.o"
arm-none-eabi-gcc "../Src/usart2.c" -mcpu=cortex-m4 -std=gnu11 -g3 -DDEBUG -DSTM32 -DSTM32F407G_DISC1 -DSTM32F4 -DSTM32F407VGTx -c -I../Inc -O0 -ffunction-sections -fdata-sections -Wall -fstack-usage -fcyclomatic-complexity -MMD -MP -MF"Src/usart2.d" -MT"Src/usart2.o" --specs=nano.specs -mfpu=fpv4-sp-d16 -mfloat-abi=hard -mthumb -o "Src/usart2.o"
arm-none-eabi-gcc -o "air_quality_moniter.elf" @"objects.list"   -mcpu=cortex-m4 -T"C:\Users\huray\dev\Embedded_Systems\projects\air_quality_moniter\STM32F407VGTX_FLASH.ld" --specs=nosys.specs -Wl,-Map="air_quality_moniter.map" -Wl,--gc-sections -static --specs=nano.specs -mfpu=fpv4-sp-d16 -mfloat-abi=hard -mthumb -Wl,--start-group -lc -lm -Wl,--end-group
Finished building target: air_quality_moniter.elf
 
arm-none-eabi-size  air_quality_moniter.elf 
arm-none-eabi-objdump -h -S air_quality_moniter.elf  > "air_quality_moniter.list"
   text	   data	    bss	    dec	    hex	filename
   6004	      0	   1608	   7612	   1dbc	air_quality_moniter.elf
Finished building: default.size.stdout
 
Finished building: air_quality_moniter.list
 
21:10:19 **** Build of configuration Debug for project air_quality_moniter ****
make -j8 all 
arm-none-eabi-gcc "../Src/bme280.c" -mcpu=cortex-m4 -std=gnu11 -g3 -DDEBUG -DSTM32 -DSTM32F407G_DISC1 -DSTM32F4 -DSTM32F407VGTx -c -I../Inc -O0 -ffunction-sections -fdata-sections -Wall -fstack-usage -fcyclomatic-complexity -MMD -MP -MF"Src/bme280.d" -MT"Src/bme280.o" --specs=nano.specs -mfpu=fpv4-sp-d16 -mfloat-abi=hard -mthumb -o "Src/bme280.o"
arm-none-eabi-gcc "../Src/main.c" -mcpu=cortex-m4 -std=gnu11 -g3 -DDEBUG -DSTM32 -DSTM32F407G_DISC1 -DSTM32F4 -DSTM32F407VGTx -c -I../Inc -O0 -ffunction-sections -fdata-sections -Wall -fstack-usage -fcyclomatic-complexity -MMD -MP -MF"Src/main.d" -MT"Src/main.o" --specs=nano.specs -mfpu=fpv4-sp-d16 -mfloat-abi=hard -mthumb -o "Src/main.o"
arm-none-eabi-gcc "../Src/rcc.c" -mcpu=cortex-m4 -std=gnu11 -g3 -DDEBUG -DSTM32 -DSTM32F407G_DISC1 -DSTM32F4 -DSTM32F407VGTx -c -I../Inc -O0 -ffunction-sections -fdata-sections -Wall -fstack-usage -fcyclomatic-complexity -MMD -MP -MF"Src/rcc.d" -MT"Src/rcc.o" --specs=nano.specs -mfpu=fpv4-sp-d16 -mfloat-abi=hard -mthumb -o "Src/rcc.o"
arm-none-eabi-gcc "../Src/spi2.c" -mcpu=cortex-m4 -std=gnu11 -g3 -DDEBUG -DSTM32 -DSTM32F407G_DISC1 -DSTM32F4 -DSTM32F407VGTx -c -I../Inc -O0 -ffunction-sections -fdata-sections -Wall -fstack-usage -fcyclomatic-complexity -MMD -MP -MF"Src/spi2.d" -MT"Src/spi2.o" --specs=nano.specs -mfpu=fpv4-sp-d16 -mfloat-abi=hard -mthumb -o "Src/spi2.o"
arm-none-eabi-gcc "../Src/syscalls.c" -mcpu=cortex-m4 -std=gnu11 -g3 -DDEBUG -DSTM32 -DSTM32F407G_DISC1 -DSTM32F4 -DSTM32F407VGTx -c -I../Inc -O0 -ffunction-sections -fdata-sections -Wall -fstack-usage -fcyclomatic-complexity -MMD -MP -MF"Src/syscalls.d" -MT"Src/syscalls.o" --specs=nano.specs -mfpu=fpv4-sp-d16 -mfloat-abi=hard -mthumb -o "Src/syscalls.o"
arm-none-eabi-gcc "../Src/sysmem.c" -mcpu=cortex-m4 -std=gnu11 -g3 -DDEBUG -DSTM32 -DSTM32F407G_DISC1 -DSTM32F4 -DSTM32F407VGTx -c -I../Inc -O0 -ffunction-sections -fdata-sections -Wall -fstack-usage -fcyclomatic-complexity -MMD -MP -MF"Src/sysmem.d" -MT"Src/sysmem.o" --specs=nano.specs -mfpu=fpv4-sp-d16 -mfloat-abi=hard -mthumb -o "Src/sysmem.o"
arm-none-eabi-gcc "../Src/usart2.c" -mcpu=cortex-m4 -std=gnu11 -g3 -DDEBUG -DSTM32 -DSTM32F407G_DISC1 -DSTM32F4 -DSTM32F407VGTx -c -I../Inc -O0 -ffunction-sections -fdata-sections -Wall -fstack-usage -fcyclomatic-complexity -MMD -MP -MF"Src/usart2.d" -MT"Src/usart2.o" --specs=nano.specs -mfpu=fpv4-sp-d16 -mfloat-abi=hard -mthumb -o "Src/usart2.o"
arm-none-eabi-gcc -o "air_quality_moniter.elf" @"objects.list"   -mcpu=cortex-m4 -T"C:\Users\huray\dev\Embedded_Systems\projects\air_quality_moniter\STM32F407VGTX_FLASH.ld" --specs=nosys.specs -Wl,-Map="air_quality_moniter.map" -Wl,--gc-sections -static --specs=nano.specs -mfpu=fpv4-sp-d16 -mfloat-abi=hard -mthumb -Wl,--start-group -lc -lm -Wl,--end-group
Finished building target: air_quality_moniter.elf
 
arm-none-eabi-size  air_quality_moniter.elf 
arm-none-eabi-objdump -h -S air_quality_moniter.elf  > "air_quality_moniter.list"
   text	   data	    bss	    dec	    hex	filename
   6328	      0	   1608	   7936	   1f00	air_quality_moniter.elf
Finished building: default.size.stdout
 
Finished building: air_quality_moniter.list
 
21:26:59 **** Incremental Build of configuration Debug for project air_quality_moniter ****
make -j8 all 
arm-none-eabi-gcc "../Src/spi2.c" -mcpu=cortex-m4 -std=gnu11 -g3 -DDEBUG -DSTM32 -DSTM32F407G_DISC1 -DSTM32F4 -DSTM32F407VGTx -c -I../Inc -O0 -ffunction-sections -fdata-sections -Wall -fstack-usage -fcyclomatic-complexity -MMD -MP -MF"Src/spi2.d" -MT"Src/spi2.o" --specs=nano.specs -mfpu=fpv4-sp-d16 -mfloat-abi=hard -mthumb -o "Src/spi2.o"
arm-none-eabi-gcc -o "air_quality_moniter.elf" @"objects.list"   -mcpu=cortex-m4 -T"C:\Users\huray\dev\Embedded_Systems\projects\air_quality_moniter\STM32F407VGTX_FLASH.ld" --specs=nosys.specs -Wl,-Map="air_quality_moniter.map" -Wl,--gc-sections -static --specs=nano.specs -mfpu=fpv4-sp-d16 -mfloat-abi=hard -mthumb -Wl,--start-group -lc -lm -Wl,--end-group
Finished building target: air_quality_moniter.elf
 
arm-none-eabi-size  air_quality_moniter.elf 
arm-none-eabi-objdump -h -S air_quality_moniter.elf  > "air_quality_moniter.list"
   text	   data	    bss	    dec	    hex	filename
   6328	      0	   1608	   7936	   1f00	air_quality_moniter.elf
Finished building: default.size.stdout
 
Finished building: air_quality_moniter.list
 
