20:04:01 **** Incremental Build of configuration Debug for project HSE_measurment ****
make -j8 all 
arm-none-eabi-gcc -mcpu=cortex-m4 -g3 -DDEBUG -c -x assembler-with-cpp -MMD -MP -MF"Startup/startup_stm32f407vgtx.d" -MT"Startup/startup_stm32f407vgtx.o" --specs=nano.specs -mfpu=fpv4-sp-d16 -mfloat-abi=hard -mthumb -o "Startup/startup_stm32f407vgtx.o" "../Startup/startup_stm32f407vgtx.s"
arm-none-eabi-gcc -o "HSE_measurment.elf" @"objects.list"   -mcpu=cortex-m4 -T"C:\Users\huray\dev\Embedded_Systems\projects\HSE_measurment\STM32F407VGTX_FLASH.ld" --specs=nosys.specs -Wl,-Map="HSE_measurment.map" -Wl,--gc-sections -static --specs=nano.specs -mfpu=fpv4-sp-d16 -mfloat-abi=hard -mthumb -Wl,--start-group -lc -lm -Wl,--end-group
Finished building target: HSE_measurment.elf
 
arm-none-eabi-size  HSE_measurment.elf 
arm-none-eabi-objdump -h -S HSE_measurment.elf  > "HSE_measurment.list"
   text	   data	    bss	    dec	    hex	filename
    816	      0	   1568	   2384	    950	HSE_measurment.elf
Finished building: default.size.stdout
 
Finished building: HSE_measurment.list
 

20:04:02 Build Finished. 0 errors, 0 warnings. (took 835ms)

